###############################################################################
#
# IAR ELF Linker V9.50.2.385/W64 for ARM                  27/Aug/2024  15:13:54
# Copyright 2007-2024 IAR Systems AB.
#
#    Output file  =
#        D:\E Drive\E
#        drive\Embedded\modern_embedded_systems\my_work\lessons\lesson10\Debug\Exe\lesson10.out
#    Map file     =
#        D:\E Drive\E
#        drive\Embedded\modern_embedded_systems\my_work\lessons\lesson10\Debug\List\lesson10.map
#    Command line =
#        -f "D:\E Drive\E
#        drive\Embedded\modern_embedded_systems\my_work\lessons\lesson10\Debug\Exe\lesson10.out.rsp"
#        ("D:\E Drive\E
#        drive\Embedded\modern_embedded_systems\my_work\lessons\lesson10\Debug\Obj\delay.o"
#        "D:\E Drive\E
#        drive\Embedded\modern_embedded_systems\my_work\lessons\lesson10\Debug\Obj\main.o"
#        --no_out_extension -o "D:\E Drive\E
#        drive\Embedded\modern_embedded_systems\my_work\lessons\lesson10\Debug\Exe\lesson10.out"
#        --redirect _Printf=_PrintfFullNoMb --redirect _Scanf=_ScanfFullNoMb
#        --map "D:\E Drive\E
#        drive\Embedded\modern_embedded_systems\my_work\lessons\lesson10\Debug\List\lesson10.map"
#        --config "D:\E Drive\E
#        drive\Embedded\modern_embedded_systems\my_work\lessons\lesson10\lesson10.icf"
#        --semihosting --entry __iar_program_start --vfe --text_out locale
#        --cpu=Cortex-M4 --fpu=VFPv4_sp) --dependencies=n "D:\E Drive\E
#        drive\Embedded\modern_embedded_systems\my_work\lessons\lesson10\Debug\Exe\lesson10.out.iar_deps"
#
###############################################################################

*******************************************************************************
*** RUNTIME MODEL ATTRIBUTES
***

CppFlavor       = *
__CPP_Runtime   = 1
__SystemLibrary = DLib
__dlib_version  = 6


*******************************************************************************
*** HEAP SELECTION
***

The basic heap was selected because --advanced_heap
was not specified and the application did not appear to
be primarily optimized for speed.


*******************************************************************************
*** PLACEMENT SUMMARY
***

"A0":  place at address 0x0 { ro section .intvec };
"P1":  place in [from 0x0 to 0x3'ffff] { ro };
define block CSTACK with size = 1K, alignment = 8 { };
define block HEAP with size = 0, alignment = 8 { };
"P2":  place in [from 0x2000'0000 to 0x2000'7fff] {
          rw, block CSTACK, block HEAP };

  Section          Kind         Address  Aligment   Size  Object
  -------          ----         -------  --------   ----  ------
"A0":                                               0x40
  .intvec          ro code          0x0         4   0x40  vector_table_M.o [4]
                                 - 0x40             0x40

"P1":                                              0x1cc
  .text            ro code         0x40         4   0xb8  main.o [1]
  .text            ro code         0xf8         2   0x18  delay.o [1]
  .text            ro code        0x110         2   0x38  zero_init3.o [4]
  .text            ro code        0x148         4   0x2a  data_init.o [4]
  .text            ro code        0x172         2    0x2  vectortrap_M.o [4]
  .text            ro code        0x174         4   0x22  fpinit_M.o [3]
  .iar.init_table  const          0x198         4   0x10  - Linker created -
  .text            ro code        0x1a8         4   0x1e  cmain.o [4]
  .text            ro code        0x1c6         2    0x4  low_level_init.o [2]
  .text            ro code        0x1ca         2    0x4  exit.o [2]
  .text            ro code        0x1d0         4    0xa  cexit.o [4]
  .text            ro code        0x1dc         4   0x14  exit.o [5]
  .text            ro code        0x1f0         4   0x1c  cstartup_M.o [4]
  .rodata          const          0x20c              0x0  zero_init3.o [4]
                                - 0x20c            0x1cc

"P2", part 1 of 2:                                   0x8
  .bss             zero     0x2000'0000         4    0x8  main.o [1]
                          - 0x2000'0008              0x8

"P2", part 2 of 2:                                 0x400
  CSTACK                    0x2000'0008         8  0x400  <Block>
    CSTACK         uninit   0x2000'0008            0x400  <Block tail>
                          - 0x2000'0408            0x400

Unused ranges:

         From           To      Size
         ----           --      ----
        0x20c     0x3'ffff  0x3'fdf4
  0x2000'0408  0x2000'7fff    0x7bf8


*******************************************************************************
*** INIT TABLE
***

          Address      Size
          -------      ----
Zero (__iar_zero_init3)
    1 destination range, total size 0x8:
          0x2000'0000   0x8



*******************************************************************************
*** MODULE SUMMARY
***

    Module            ro code  ro data  rw data
    ------            -------  -------  -------
command line/config:
    -------------------------------------------
    Total:

D:\E Drive\E drive\Embedded\modern_embedded_systems\my_work\lessons\lesson10\Debug\Obj: [1]
    delay.o                24
    main.o                184                 8
    -------------------------------------------
    Total:                208                 8

dl7M_tln.a: [2]
    exit.o                  4
    low_level_init.o        4
    -------------------------------------------
    Total:                  8

m7M_tls.a: [3]
    fpinit_M.o             34
    -------------------------------------------
    Total:                 34

rt7M_tl.a: [4]
    cexit.o                10
    cmain.o                30
    cstartup_M.o           28
    data_init.o            42
    vector_table_M.o       64
    vectortrap_M.o          2
    zero_init3.o           56
    -------------------------------------------
    Total:                232

shb_l.a: [5]
    exit.o                 20
    -------------------------------------------
    Total:                 20

    Gaps                    4        2
    Linker created                  16    1'024
-----------------------------------------------
    Grand Total:          506       18    1'032


*******************************************************************************
*** ENTRY LIST
***

Entry                       Address  Size  Type      Object
-----                       -------  ----  ----      ------
.iar.init_table$$Base         0x198         --   Gb  - Linker created -
.iar.init_table$$Limit        0x1a8         --   Gb  - Linker created -
?main                         0x1a9        Code  Gb  cmain.o [4]
BusFault_Handler              0x173        Code  Wk  vectortrap_M.o [4]
CSTACK$$Base            0x2000'0008         --   Gb  - Linker created -
CSTACK$$Limit           0x2000'0408         --   Gb  - Linker created -
DebugMon_Handler              0x173        Code  Wk  vectortrap_M.o [4]
HardFault_Handler             0x173        Code  Wk  vectortrap_M.o [4]
MemManage_Handler             0x173        Code  Wk  vectortrap_M.o [4]
NMI_Handler                   0x173        Code  Wk  vectortrap_M.o [4]
PendSV_Handler                0x173        Code  Wk  vectortrap_M.o [4]
Region$$Table$$Base           0x198         --   Gb  - Linker created -
Region$$Table$$Limit          0x1a8         --   Gb  - Linker created -
SVC_Handler                   0x173        Code  Wk  vectortrap_M.o [4]
SysTick_Handler               0x173        Code  Wk  vectortrap_M.o [4]
UsageFault_Handler            0x173        Code  Wk  vectortrap_M.o [4]
__cmain                       0x1a9        Code  Gb  cmain.o [4]
__exit                        0x1dd  0x14  Code  Gb  exit.o [5]
__iar_data_init3              0x149  0x18  Code  Gb  data_init.o [4]
__iar_init_vfp                0x175        Code  Gb  fpinit_M.o [3]
__iar_program_start           0x1f1        Code  Gb  cstartup_M.o [4]
__iar_zero_init3              0x111  0x38  Code  Gb  zero_init3.o [4]
__low_level_init              0x1c7   0x4  Code  Gb  low_level_init.o [2]
__vector_table                  0x0        Data  Gb  vector_table_M.o [4]
_call_main                    0x1b5        Code  Gb  cmain.o [4]
_exit                         0x1d1        Code  Gb  cexit.o [4]
delay                          0xf9  0x18  Code  Gb  delay.o [1]
exit                          0x1cb   0x4  Code  Gb  exit.o [2]
main                           0x57  0x76  Code  Gb  main.o [1]
swap                           0x41  0x16  Code  Gb  main.o [1]
swap::tmp               0x2000'0000   0x8  Data  Lc  main.o [1]


[1] = D:\E Drive\E drive\Embedded\modern_embedded_systems\my_work\lessons\lesson10\Debug\Obj
[2] = dl7M_tln.a
[3] = m7M_tls.a
[4] = rt7M_tl.a
[5] = shb_l.a

    506 bytes of readonly  code memory
     18 bytes of readonly  data memory
  1'032 bytes of readwrite data memory

Errors: none
Warnings: none
