###############################################################################
#
# IAR ELF Linker V9.50.2.385/W64 for ARM                  31/Aug/2024  06:32:28
# Copyright 2007-2024 IAR Systems AB.
#
#    Output file  =
#        D:\E Drive\E
#        drive\Embedded\modern_embedded_systems\my_work\lessons\lesson13\Debug\Exe\project.out
#    Map file     =
#        D:\E Drive\E
#        drive\Embedded\modern_embedded_systems\my_work\lessons\lesson13\Debug\List\project.map
#    Command line =
#        -f "D:\E Drive\E
#        drive\Embedded\modern_embedded_systems\my_work\lessons\lesson13\Debug\Exe\project.out.rsp"
#        ("D:\E Drive\E
#        drive\Embedded\modern_embedded_systems\my_work\lessons\lesson13\Debug\Obj\delay.o"
#        "D:\E Drive\E
#        drive\Embedded\modern_embedded_systems\my_work\lessons\lesson13\Debug\Obj\main.o"
#        --no_out_extension -o "D:\E Drive\E
#        drive\Embedded\modern_embedded_systems\my_work\lessons\lesson13\Debug\Exe\project.out"
#        --redirect _Printf=_PrintfFullNoMb --redirect _Scanf=_ScanfFullNoMb
#        --map "D:\E Drive\E
#        drive\Embedded\modern_embedded_systems\my_work\lessons\lesson13\Debug\List\project.map"
#        --config "D:\E Drive\E
#        drive\Embedded\modern_embedded_systems\my_work\lessons\lesson12\project.icf"
#        --semihosting --entry __iar_program_start --vfe --text_out locale
#        --cpu=Cortex-M4 --fpu=VFPv4_sp) --dependencies=n "D:\E Drive\E
#        drive\Embedded\modern_embedded_systems\my_work\lessons\lesson13\Debug\Exe\project.out.iar_deps"
#
###############################################################################

*******************************************************************************
*** RUNTIME MODEL ATTRIBUTES
***

CppFlavor       = *
__CPP_Runtime   = 1
__SystemLibrary = DLib
__dlib_version  = 6


*******************************************************************************
*** HEAP SELECTION
***

The basic heap was selected because --advanced_heap
was not specified and the application did not appear to
be primarily optimized for speed.


*******************************************************************************
*** PLACEMENT SUMMARY
***

"A0":  place at address 0x0 { ro section .intvec };
"P1":  place in [from 0x0 to 0x3'ffff] { ro };
define block CSTACK with size = 1'000, alignment = 8 { };
define block HEAP with size = 0, alignment = 8 { };
"P2":  place in [from 0x2000'0000 to 0x2000'7fff] {
          rw, block CSTACK, block HEAP };
initialize by copy { rw };

  Section            Kind         Address  Aligment   Size  Object
  -------            ----         -------  --------   ----  ------
"A0":                                                 0x40
  .intvec            ro code          0x0         4   0x40  vector_table_M.o [4]
                                   - 0x40             0x40

"P1":                                                0x207
  .text              ro code         0x40         4   0xe0  main.o [1]
  .text              ro code        0x120         2   0x18  delay.o [1]
  .text              ro code        0x138         2   0x3a  packbits_init_single.o [4]
  .text              ro code        0x172         2    0x2  vectortrap_M.o [4]
  .text              ro code        0x174         4   0x2a  data_init.o [4]
  .text              ro code        0x1a0         4   0x22  fpinit_M.o [3]
  .iar.init_table    const          0x1c4         4   0x10  - Linker created -
  .text              ro code        0x1d4         4   0x1e  cmain.o [4]
  .text              ro code        0x1f2         2    0x4  low_level_init.o [2]
  .text              ro code        0x1f6         2    0x4  exit.o [2]
  .text              ro code        0x1fc         4    0xa  cexit.o [4]
  .text              ro code        0x208         4   0x14  exit.o [5]
  .text              ro code        0x21c         4   0x1c  cstartup_M.o [4]
  .rodata            const          0x238              0x0  packbits_init_single.o [4]
  Initializer bytes  const          0x238              0xf  <for P2-1>
                                  - 0x247            0x207

"P2", part 1 of 2:                                    0x24
  P2-1                        0x2000'0000             0x24  <Init block>
    .data            inited   0x2000'0000         4    0x4  main.o [1]
    .data            inited   0x2000'0004         4    0x8  main.o [1]
    .bss             inited   0x2000'000c         4    0x4  main.o [1]
    .bss             inited   0x2000'0010         4    0xc  main.o [1]
    .bss             inited   0x2000'001c         4    0x8  main.o [1]
                            - 0x2000'0024             0x24

"P2", part 2 of 2:                                   0x3e8
  CSTACK                      0x2000'0028         8  0x3e8  <Block>
    CSTACK           uninit   0x2000'0028            0x3e8  <Block tail>
                            - 0x2000'0410            0x3e8

Unused ranges:

         From           To      Size
         ----           --      ----
        0x247     0x3'ffff  0x3'fdb9
  0x2000'0024  0x2000'0027       0x4
  0x2000'0410  0x2000'7fff    0x7bf0


*******************************************************************************
*** INIT TABLE
***

          Address      Size
          -------      ----
Copy/packbits (__iar_packbits_init_single3)
    1 source range, total size 0xf (41% of destination):
                0x238   0xf
    1 destination range, total size 0x24:
          0x2000'0000  0x24



*******************************************************************************
*** MODULE SUMMARY
***

    Module                  ro code  ro data  rw data
    ------                  -------  -------  -------
command line/config:
    -------------------------------------------------
    Total:

D:\E Drive\E drive\Embedded\modern_embedded_systems\my_work\lessons\lesson13\Debug\Obj: [1]
    delay.o                      24
    main.o                      224       15       36
    -------------------------------------------------
    Total:                      248       15       36

dl7M_tln.a: [2]
    exit.o                        4
    low_level_init.o              4
    -------------------------------------------------
    Total:                        8

m7M_tls.a: [3]
    fpinit_M.o                   34
    -------------------------------------------------
    Total:                       34

rt7M_tl.a: [4]
    cexit.o                      10
    cmain.o                      30
    cstartup_M.o                 28
    data_init.o                  42
    packbits_init_single.o       58
    vector_table_M.o             64
    vectortrap_M.o                2
    -------------------------------------------------
    Total:                      234

shb_l.a: [5]
    exit.o                       20
    -------------------------------------------------
    Total:                       20

    Gaps                          6        2
    Linker created                        16    1'000
-----------------------------------------------------
    Grand Total:                550       33    1'036


*******************************************************************************
*** ENTRY LIST
***

Entry                       Address  Size  Type      Object
-----                       -------  ----  ----      ------
.iar.init_table$$Base         0x1c4         --   Gb  - Linker created -
.iar.init_table$$Limit        0x1d4         --   Gb  - Linker created -
?main                         0x1d5        Code  Gb  cmain.o [4]
BusFault_Handler              0x173        Code  Wk  vectortrap_M.o [4]
CSTACK$$Base            0x2000'0028         --   Gb  - Linker created -
CSTACK$$Limit           0x2000'0410         --   Gb  - Linker created -
DebugMon_Handler              0x173        Code  Wk  vectortrap_M.o [4]
HardFault_Handler             0x173        Code  Wk  vectortrap_M.o [4]
MemManage_Handler             0x173        Code  Wk  vectortrap_M.o [4]
NMI_Handler                   0x173        Code  Wk  vectortrap_M.o [4]
PendSV_Handler                0x173        Code  Wk  vectortrap_M.o [4]
Region$$Table$$Base           0x1c4         --   Gb  - Linker created -
Region$$Table$$Limit          0x1d4         --   Gb  - Linker created -
SVC_Handler                   0x173        Code  Wk  vectortrap_M.o [4]
SysTick_Handler               0x173        Code  Wk  vectortrap_M.o [4]
UsageFault_Handler            0x173        Code  Wk  vectortrap_M.o [4]
__cmain                       0x1d5        Code  Gb  cmain.o [4]
__exit                        0x209  0x14  Code  Gb  exit.o [5]
__iar_data_init3              0x175  0x18  Code  Gb  data_init.o [4]
__iar_init_vfp                0x1a1        Code  Gb  fpinit_M.o [3]
__iar_packbits_init_single3
                              0x139  0x3a  Code  Gb  packbits_init_single.o [4]
__iar_program_start           0x21d        Code  Gb  cstartup_M.o [4]
__low_level_init              0x1f3   0x4  Code  Gb  low_level_init.o [2]
__vector_table                  0x0        Data  Gb  vector_table_M.o [4]
_call_main                    0x1e1        Code  Gb  cmain.o [4]
_exit                         0x1fd        Code  Gb  cexit.o [4]
delay                         0x121  0x18  Code  Gb  delay.o [1]
exit                          0x1f7   0x4  Code  Gb  exit.o [2]
main                           0x41  0xe0  Code  Gb  main.o [1]
p1                      0x2000'0000   0x4  Data  Gb  main.o [1]
p2                      0x2000'000c   0x4  Data  Gb  main.o [1]
t                       0x2000'0010   0xc  Data  Gb  main.o [1]
w1                      0x2000'0004   0x8  Data  Gb  main.o [1]
w2                      0x2000'001c   0x8  Data  Gb  main.o [1]


[1] = D:\E Drive\E drive\Embedded\modern_embedded_systems\my_work\lessons\lesson13\Debug\Obj
[2] = dl7M_tln.a
[3] = m7M_tls.a
[4] = rt7M_tl.a
[5] = shb_l.a

    550 bytes of readonly  code memory
     33 bytes of readonly  data memory
  1'036 bytes of readwrite data memory

Errors: none
Warnings: none
