<!doctype html public "-//w3c//dtd html 4.0 transitional//en">
<html><head>
<title>Static Call Graph - [.\Objects\lesson.axf]</title></head>
<body><HR>
<H1>Static Call Graph for image .\Objects\lesson.axf</H1><HR>
<BR><P>#&#060CALLGRAPH&#062# ARM Linker, 6220000: Last Updated: Thu Sep 19 15:00:59 2024
<BR><P>
<H3>Maximum Stack Usage =         60 bytes + Unknown(Untraceable Function Pointers)</H3><H3>
Call chain for Maximum Stack Depth:</H3>
__rt_entry_main &rArr; main &rArr; BSP_init &rArr; SystemCoreClockUpdate &rArr; getOscClk
<P>
<H3>
Function Pointers
</H3><UL>
 <LI><a href="#[3a]">ADC1Seq0_IRQHandler</a> from startup_tm4c123gh6pm.o(.text) referenced from startup_tm4c123gh6pm.o(RESET)
 <LI><a href="#[3b]">ADC1Seq1_IRQHandler</a> from startup_tm4c123gh6pm.o(.text) referenced from startup_tm4c123gh6pm.o(RESET)
 <LI><a href="#[3c]">ADC1Seq2_IRQHandler</a> from startup_tm4c123gh6pm.o(.text) referenced from startup_tm4c123gh6pm.o(RESET)
 <LI><a href="#[3d]">ADC1Seq3_IRQHandler</a> from startup_tm4c123gh6pm.o(.text) referenced from startup_tm4c123gh6pm.o(RESET)
 <LI><a href="#[19]">ADCSeq0_IRQHandler</a> from startup_tm4c123gh6pm.o(.text) referenced from startup_tm4c123gh6pm.o(RESET)
 <LI><a href="#[1a]">ADCSeq1_IRQHandler</a> from startup_tm4c123gh6pm.o(.text) referenced from startup_tm4c123gh6pm.o(RESET)
 <LI><a href="#[1b]">ADCSeq2_IRQHandler</a> from startup_tm4c123gh6pm.o(.text) referenced from startup_tm4c123gh6pm.o(RESET)
 <LI><a href="#[1c]">ADCSeq3_IRQHandler</a> from startup_tm4c123gh6pm.o(.text) referenced from startup_tm4c123gh6pm.o(RESET)
 <LI><a href="#[4]">BusFault_Handler</a> from startup_tm4c123gh6pm.o(.text) referenced 2 times from startup_tm4c123gh6pm.o(RESET)
 <LI><a href="#[32]">CAN0_IRQHandler</a> from startup_tm4c123gh6pm.o(.text) referenced from startup_tm4c123gh6pm.o(RESET)
 <LI><a href="#[33]">CAN1_IRQHandler</a> from startup_tm4c123gh6pm.o(.text) referenced from startup_tm4c123gh6pm.o(RESET)
 <LI><a href="#[34]">CAN2_IRQHandler</a> from startup_tm4c123gh6pm.o(.text) referenced from startup_tm4c123gh6pm.o(RESET)
 <LI><a href="#[24]">Comp0_IRQHandler</a> from startup_tm4c123gh6pm.o(.text) referenced from startup_tm4c123gh6pm.o(RESET)
 <LI><a href="#[25]">Comp1_IRQHandler</a> from startup_tm4c123gh6pm.o(.text) referenced from startup_tm4c123gh6pm.o(RESET)
 <LI><a href="#[26]">Comp2_IRQHandler</a> from startup_tm4c123gh6pm.o(.text) referenced from startup_tm4c123gh6pm.o(RESET)
 <LI><a href="#[8]">DebugMon_Handler</a> from startup_tm4c123gh6pm.o(.text) referenced 2 times from startup_tm4c123gh6pm.o(RESET)
 <LI><a href="#[6]">Default_Handler</a> from startup_tm4c123gh6pm.o(.text) referenced 41 times from startup_tm4c123gh6pm.o(RESET)
 <LI><a href="#[5a]">FPU_IRQHandler</a> from startup_tm4c123gh6pm.o(.text) referenced from startup_tm4c123gh6pm.o(RESET)
 <LI><a href="#[28]">FlashCtrl_IRQHandler</a> from startup_tm4c123gh6pm.o(.text) referenced from startup_tm4c123gh6pm.o(RESET)
 <LI><a href="#[b]">GPIOPortA_IRQHandler</a> from startup_tm4c123gh6pm.o(.text) referenced from startup_tm4c123gh6pm.o(RESET)
 <LI><a href="#[c]">GPIOPortB_IRQHandler</a> from startup_tm4c123gh6pm.o(.text) referenced from startup_tm4c123gh6pm.o(RESET)
 <LI><a href="#[d]">GPIOPortC_IRQHandler</a> from startup_tm4c123gh6pm.o(.text) referenced from startup_tm4c123gh6pm.o(RESET)
 <LI><a href="#[e]">GPIOPortD_IRQHandler</a> from startup_tm4c123gh6pm.o(.text) referenced from startup_tm4c123gh6pm.o(RESET)
 <LI><a href="#[f]">GPIOPortE_IRQHandler</a> from startup_tm4c123gh6pm.o(.text) referenced from startup_tm4c123gh6pm.o(RESET)
 <LI><a href="#[29]">GPIOPortF_IRQHandler</a> from startup_tm4c123gh6pm.o(.text) referenced from startup_tm4c123gh6pm.o(RESET)
 <LI><a href="#[2a]">GPIOPortG_IRQHandler</a> from startup_tm4c123gh6pm.o(.text) referenced from startup_tm4c123gh6pm.o(RESET)
 <LI><a href="#[2b]">GPIOPortH_IRQHandler</a> from startup_tm4c123gh6pm.o(.text) referenced from startup_tm4c123gh6pm.o(RESET)
 <LI><a href="#[3e]">GPIOPortJ_IRQHandler</a> from startup_tm4c123gh6pm.o(.text) referenced from startup_tm4c123gh6pm.o(RESET)
 <LI><a href="#[3f]">GPIOPortK_IRQHandler</a> from startup_tm4c123gh6pm.o(.text) referenced from startup_tm4c123gh6pm.o(RESET)
 <LI><a href="#[40]">GPIOPortL_IRQHandler</a> from startup_tm4c123gh6pm.o(.text) referenced from startup_tm4c123gh6pm.o(RESET)
 <LI><a href="#[5d]">GPIOPortM_IRQHandler</a> from startup_tm4c123gh6pm.o(.text) referenced from startup_tm4c123gh6pm.o(RESET)
 <LI><a href="#[5e]">GPIOPortN_IRQHandler</a> from startup_tm4c123gh6pm.o(.text) referenced from startup_tm4c123gh6pm.o(RESET)
 <LI><a href="#[60]">GPIOPortP0_IRQHandler</a> from startup_tm4c123gh6pm.o(.text) referenced from startup_tm4c123gh6pm.o(RESET)
 <LI><a href="#[61]">GPIOPortP1_IRQHandler</a> from startup_tm4c123gh6pm.o(.text) referenced from startup_tm4c123gh6pm.o(RESET)
 <LI><a href="#[62]">GPIOPortP2_IRQHandler</a> from startup_tm4c123gh6pm.o(.text) referenced from startup_tm4c123gh6pm.o(RESET)
 <LI><a href="#[63]">GPIOPortP3_IRQHandler</a> from startup_tm4c123gh6pm.o(.text) referenced from startup_tm4c123gh6pm.o(RESET)
 <LI><a href="#[64]">GPIOPortP4_IRQHandler</a> from startup_tm4c123gh6pm.o(.text) referenced from startup_tm4c123gh6pm.o(RESET)
 <LI><a href="#[65]">GPIOPortP5_IRQHandler</a> from startup_tm4c123gh6pm.o(.text) referenced from startup_tm4c123gh6pm.o(RESET)
 <LI><a href="#[66]">GPIOPortP6_IRQHandler</a> from startup_tm4c123gh6pm.o(.text) referenced from startup_tm4c123gh6pm.o(RESET)
 <LI><a href="#[67]">GPIOPortP7_IRQHandler</a> from startup_tm4c123gh6pm.o(.text) referenced from startup_tm4c123gh6pm.o(RESET)
 <LI><a href="#[68]">GPIOPortQ0_IRQHandler</a> from startup_tm4c123gh6pm.o(.text) referenced from startup_tm4c123gh6pm.o(RESET)
 <LI><a href="#[69]">GPIOPortQ1_IRQHandler</a> from startup_tm4c123gh6pm.o(.text) referenced from startup_tm4c123gh6pm.o(RESET)
 <LI><a href="#[6a]">GPIOPortQ2_IRQHandler</a> from startup_tm4c123gh6pm.o(.text) referenced from startup_tm4c123gh6pm.o(RESET)
 <LI><a href="#[6b]">GPIOPortQ3_IRQHandler</a> from startup_tm4c123gh6pm.o(.text) referenced from startup_tm4c123gh6pm.o(RESET)
 <LI><a href="#[6c]">GPIOPortQ4_IRQHandler</a> from startup_tm4c123gh6pm.o(.text) referenced from startup_tm4c123gh6pm.o(RESET)
 <LI><a href="#[6d]">GPIOPortQ5_IRQHandler</a> from startup_tm4c123gh6pm.o(.text) referenced from startup_tm4c123gh6pm.o(RESET)
 <LI><a href="#[6e]">GPIOPortQ6_IRQHandler</a> from startup_tm4c123gh6pm.o(.text) referenced from startup_tm4c123gh6pm.o(RESET)
 <LI><a href="#[6f]">GPIOPortQ7_IRQHandler</a> from startup_tm4c123gh6pm.o(.text) referenced from startup_tm4c123gh6pm.o(RESET)
 <LI><a href="#[70]">GPIOPortR_IRQHandler</a> from startup_tm4c123gh6pm.o(.text) referenced from startup_tm4c123gh6pm.o(RESET)
 <LI><a href="#[71]">GPIOPortS_IRQHandler</a> from startup_tm4c123gh6pm.o(.text) referenced from startup_tm4c123gh6pm.o(RESET)
 <LI><a href="#[2]">HardFault_Handler</a> from startup_tm4c123gh6pm.o(.text) referenced 2 times from startup_tm4c123gh6pm.o(RESET)
 <LI><a href="#[35]">Hibernate_IRQHandler</a> from startup_tm4c123gh6pm.o(.text) referenced from startup_tm4c123gh6pm.o(RESET)
 <LI><a href="#[13]">I2C0_IRQHandler</a> from startup_tm4c123gh6pm.o(.text) referenced from startup_tm4c123gh6pm.o(RESET)
 <LI><a href="#[30]">I2C1_IRQHandler</a> from startup_tm4c123gh6pm.o(.text) referenced from startup_tm4c123gh6pm.o(RESET)
 <LI><a href="#[48]">I2C2_IRQHandler</a> from startup_tm4c123gh6pm.o(.text) referenced from startup_tm4c123gh6pm.o(RESET)
 <LI><a href="#[49]">I2C3_IRQHandler</a> from startup_tm4c123gh6pm.o(.text) referenced from startup_tm4c123gh6pm.o(RESET)
 <LI><a href="#[5b]">I2C4_IRQHandler</a> from startup_tm4c123gh6pm.o(.text) referenced from startup_tm4c123gh6pm.o(RESET)
 <LI><a href="#[5c]">I2C5_IRQHandler</a> from startup_tm4c123gh6pm.o(.text) referenced from startup_tm4c123gh6pm.o(RESET)
 <LI><a href="#[3]">MemManage_Handler</a> from startup_tm4c123gh6pm.o(.text) referenced 2 times from startup_tm4c123gh6pm.o(RESET)
 <LI><a href="#[1]">NMI_Handler</a> from startup_tm4c123gh6pm.o(.text) referenced 2 times from startup_tm4c123gh6pm.o(RESET)
 <LI><a href="#[76]">PWM1Fault_IRQHandler</a> from startup_tm4c123gh6pm.o(.text) referenced from startup_tm4c123gh6pm.o(RESET)
 <LI><a href="#[72]">PWM1Gen0_IRQHandler</a> from startup_tm4c123gh6pm.o(.text) referenced from startup_tm4c123gh6pm.o(RESET)
 <LI><a href="#[73]">PWM1Gen1_IRQHandler</a> from startup_tm4c123gh6pm.o(.text) referenced from startup_tm4c123gh6pm.o(RESET)
 <LI><a href="#[74]">PWM1Gen2_IRQHandler</a> from startup_tm4c123gh6pm.o(.text) referenced from startup_tm4c123gh6pm.o(RESET)
 <LI><a href="#[75]">PWM1Gen3_IRQHandler</a> from startup_tm4c123gh6pm.o(.text) referenced from startup_tm4c123gh6pm.o(RESET)
 <LI><a href="#[14]">PWMFault_IRQHandler</a> from startup_tm4c123gh6pm.o(.text) referenced from startup_tm4c123gh6pm.o(RESET)
 <LI><a href="#[15]">PWMGen0_IRQHandler</a> from startup_tm4c123gh6pm.o(.text) referenced from startup_tm4c123gh6pm.o(RESET)
 <LI><a href="#[16]">PWMGen1_IRQHandler</a> from startup_tm4c123gh6pm.o(.text) referenced from startup_tm4c123gh6pm.o(RESET)
 <LI><a href="#[17]">PWMGen2_IRQHandler</a> from startup_tm4c123gh6pm.o(.text) referenced from startup_tm4c123gh6pm.o(RESET)
 <LI><a href="#[37]">PWMGen3_IRQHandler</a> from startup_tm4c123gh6pm.o(.text) referenced from startup_tm4c123gh6pm.o(RESET)
 <LI><a href="#[9]">PendSV_Handler</a> from miros.o(.text.PendSV_Handler) referenced 2 times from startup_tm4c123gh6pm.o(RESET)
 <LI><a href="#[18]">QEI0_IRQHandler</a> from startup_tm4c123gh6pm.o(.text) referenced from startup_tm4c123gh6pm.o(RESET)
 <LI><a href="#[31]">QEI1_IRQHandler</a> from startup_tm4c123gh6pm.o(.text) referenced from startup_tm4c123gh6pm.o(RESET)
 <LI><a href="#[5f]">QEI2_IRQHandler</a> from startup_tm4c123gh6pm.o(.text) referenced from startup_tm4c123gh6pm.o(RESET)
 <LI><a href="#[0]">Reset_Handler</a> from startup_tm4c123gh6pm.o(.text) referenced 2 times from startup_tm4c123gh6pm.o(RESET)
 <LI><a href="#[12]">SSI0_IRQHandler</a> from startup_tm4c123gh6pm.o(.text) referenced from startup_tm4c123gh6pm.o(RESET)
 <LI><a href="#[2d]">SSI1_IRQHandler</a> from startup_tm4c123gh6pm.o(.text) referenced from startup_tm4c123gh6pm.o(RESET)
 <LI><a href="#[41]">SSI2_IRQHandler</a> from startup_tm4c123gh6pm.o(.text) referenced from startup_tm4c123gh6pm.o(RESET)
 <LI><a href="#[42]">SSI3_IRQHandler</a> from startup_tm4c123gh6pm.o(.text) referenced from startup_tm4c123gh6pm.o(RESET)
 <LI><a href="#[7]">SVC_Handler</a> from startup_tm4c123gh6pm.o(.text) referenced 2 times from startup_tm4c123gh6pm.o(RESET)
 <LI><a href="#[27]">SysCtrl_IRQHandler</a> from startup_tm4c123gh6pm.o(.text) referenced from startup_tm4c123gh6pm.o(RESET)
 <LI><a href="#[a]">SysTick_Handler</a> from bsp.o(.text.SysTick_Handler) referenced 2 times from startup_tm4c123gh6pm.o(RESET)
 <LI><a href="#[77]">SystemInit</a> from system_tm4c123gh6pm.o(.text.SystemInit) referenced from startup_tm4c123gh6pm.o(.text)
 <LI><a href="#[1e]">Timer0A_IRQHandler</a> from startup_tm4c123gh6pm.o(.text) referenced from startup_tm4c123gh6pm.o(RESET)
 <LI><a href="#[1f]">Timer0B_IRQHandler</a> from startup_tm4c123gh6pm.o(.text) referenced from startup_tm4c123gh6pm.o(RESET)
 <LI><a href="#[20]">Timer1A_IRQHandler</a> from startup_tm4c123gh6pm.o(.text) referenced from startup_tm4c123gh6pm.o(RESET)
 <LI><a href="#[21]">Timer1B_IRQHandler</a> from startup_tm4c123gh6pm.o(.text) referenced from startup_tm4c123gh6pm.o(RESET)
 <LI><a href="#[22]">Timer2A_IRQHandler</a> from startup_tm4c123gh6pm.o(.text) referenced from startup_tm4c123gh6pm.o(RESET)
 <LI><a href="#[23]">Timer2B_IRQHandler</a> from startup_tm4c123gh6pm.o(.text) referenced from startup_tm4c123gh6pm.o(RESET)
 <LI><a href="#[2e]">Timer3A_IRQHandler</a> from startup_tm4c123gh6pm.o(.text) referenced from startup_tm4c123gh6pm.o(RESET)
 <LI><a href="#[2f]">Timer3B_IRQHandler</a> from startup_tm4c123gh6pm.o(.text) referenced from startup_tm4c123gh6pm.o(RESET)
 <LI><a href="#[4a]">Timer4A_IRQHandler</a> from startup_tm4c123gh6pm.o(.text) referenced from startup_tm4c123gh6pm.o(RESET)
 <LI><a href="#[4b]">Timer4B_IRQHandler</a> from startup_tm4c123gh6pm.o(.text) referenced from startup_tm4c123gh6pm.o(RESET)
 <LI><a href="#[4c]">Timer5A_IRQHandler</a> from startup_tm4c123gh6pm.o(.text) referenced from startup_tm4c123gh6pm.o(RESET)
 <LI><a href="#[4d]">Timer5B_IRQHandler</a> from startup_tm4c123gh6pm.o(.text) referenced from startup_tm4c123gh6pm.o(RESET)
 <LI><a href="#[10]">UART0_IRQHandler</a> from startup_tm4c123gh6pm.o(.text) referenced from startup_tm4c123gh6pm.o(RESET)
 <LI><a href="#[11]">UART1_IRQHandler</a> from startup_tm4c123gh6pm.o(.text) referenced from startup_tm4c123gh6pm.o(RESET)
 <LI><a href="#[2c]">UART2_IRQHandler</a> from startup_tm4c123gh6pm.o(.text) referenced from startup_tm4c123gh6pm.o(RESET)
 <LI><a href="#[43]">UART3_IRQHandler</a> from startup_tm4c123gh6pm.o(.text) referenced from startup_tm4c123gh6pm.o(RESET)
 <LI><a href="#[44]">UART4_IRQHandler</a> from startup_tm4c123gh6pm.o(.text) referenced from startup_tm4c123gh6pm.o(RESET)
 <LI><a href="#[45]">UART5_IRQHandler</a> from startup_tm4c123gh6pm.o(.text) referenced from startup_tm4c123gh6pm.o(RESET)
 <LI><a href="#[46]">UART6_IRQHandler</a> from startup_tm4c123gh6pm.o(.text) referenced from startup_tm4c123gh6pm.o(RESET)
 <LI><a href="#[47]">UART7_IRQHandler</a> from startup_tm4c123gh6pm.o(.text) referenced from startup_tm4c123gh6pm.o(RESET)
 <LI><a href="#[36]">USB0_IRQHandler</a> from startup_tm4c123gh6pm.o(.text) referenced from startup_tm4c123gh6pm.o(RESET)
 <LI><a href="#[5]">UsageFault_Handler</a> from startup_tm4c123gh6pm.o(.text) referenced 2 times from startup_tm4c123gh6pm.o(RESET)
 <LI><a href="#[1d]">Watchdog_IRQHandler</a> from startup_tm4c123gh6pm.o(.text) referenced from startup_tm4c123gh6pm.o(RESET)
 <LI><a href="#[4e]">WideTimer0A_IRQHandler</a> from startup_tm4c123gh6pm.o(.text) referenced from startup_tm4c123gh6pm.o(RESET)
 <LI><a href="#[4f]">WideTimer0B_IRQHandler</a> from startup_tm4c123gh6pm.o(.text) referenced from startup_tm4c123gh6pm.o(RESET)
 <LI><a href="#[50]">WideTimer1A_IRQHandler</a> from startup_tm4c123gh6pm.o(.text) referenced from startup_tm4c123gh6pm.o(RESET)
 <LI><a href="#[51]">WideTimer1B_IRQHandler</a> from startup_tm4c123gh6pm.o(.text) referenced from startup_tm4c123gh6pm.o(RESET)
 <LI><a href="#[52]">WideTimer2A_IRQHandler</a> from startup_tm4c123gh6pm.o(.text) referenced from startup_tm4c123gh6pm.o(RESET)
 <LI><a href="#[53]">WideTimer2B_IRQHandler</a> from startup_tm4c123gh6pm.o(.text) referenced from startup_tm4c123gh6pm.o(RESET)
 <LI><a href="#[54]">WideTimer3A_IRQHandler</a> from startup_tm4c123gh6pm.o(.text) referenced from startup_tm4c123gh6pm.o(RESET)
 <LI><a href="#[55]">WideTimer3B_IRQHandler</a> from startup_tm4c123gh6pm.o(.text) referenced from startup_tm4c123gh6pm.o(RESET)
 <LI><a href="#[56]">WideTimer4A_IRQHandler</a> from startup_tm4c123gh6pm.o(.text) referenced from startup_tm4c123gh6pm.o(RESET)
 <LI><a href="#[57]">WideTimer4B_IRQHandler</a> from startup_tm4c123gh6pm.o(.text) referenced from startup_tm4c123gh6pm.o(RESET)
 <LI><a href="#[58]">WideTimer5A_IRQHandler</a> from startup_tm4c123gh6pm.o(.text) referenced from startup_tm4c123gh6pm.o(RESET)
 <LI><a href="#[59]">WideTimer5B_IRQHandler</a> from startup_tm4c123gh6pm.o(.text) referenced from startup_tm4c123gh6pm.o(RESET)
 <LI><a href="#[78]">__main</a> from __main.o(!!!main) referenced from startup_tm4c123gh6pm.o(.text)
 <LI><a href="#[79]">assert_failed</a> from bsp.o(.text.assert_failed) referenced from startup_tm4c123gh6pm.o(.text)
 <LI><a href="#[7a]">main_blinky1</a> from main.o(.text.main_blinky1) referenced 2 times from main.o(.text.main)
 <LI><a href="#[7b]">main_blinky2</a> from main.o(.text.main_blinky2) referenced 2 times from main.o(.text.main)
 <LI><a href="#[39]">uDMAError_IRQHandler</a> from startup_tm4c123gh6pm.o(.text) referenced from startup_tm4c123gh6pm.o(RESET)
 <LI><a href="#[38]">uDMAST_IRQHandler</a> from startup_tm4c123gh6pm.o(.text) referenced from startup_tm4c123gh6pm.o(RESET)
</UL>
<P>
<H3>
Global Symbols
</H3>
<P><STRONG><a name="[78]"></a>__main</STRONG> (Thumb, 8 bytes, Stack size 0 bytes, __main.o(!!!main))
<BR><BR>[Calls]<UL><LI><a href="#[7c]">&gt;&gt;</a>&nbsp;&nbsp;&nbsp;__scatterload
<LI><a href="#[7d]">&gt;&gt;</a>&nbsp;&nbsp;&nbsp;__rt_entry
</UL>
<BR>[Address Reference Count : 1]<UL><LI> startup_tm4c123gh6pm.o(.text)
</UL>
<P><STRONG><a name="[7c]"></a>__scatterload</STRONG> (Thumb, 0 bytes, Stack size unknown bytes, __scatter.o(!!!scatter))
<BR><BR>[Called By]<UL><LI><a href="#[78]">&gt;&gt;</a>&nbsp;&nbsp;&nbsp;__main
</UL>

<P><STRONG><a name="[7e]"></a>__scatterload_rt2</STRONG> (Thumb, 84 bytes, Stack size unknown bytes, __scatter.o(!!!scatter), UNUSED)
<BR><BR>[Calls]<UL><LI><a href="#[7d]">&gt;&gt;</a>&nbsp;&nbsp;&nbsp;__rt_entry
</UL>

<P><STRONG><a name="[9c]"></a>__scatterload_rt2_thumb_only</STRONG> (Thumb, 0 bytes, Stack size unknown bytes, __scatter.o(!!!scatter), UNUSED)

<P><STRONG><a name="[9d]"></a>__scatterload_loop</STRONG> (Thumb, 0 bytes, Stack size unknown bytes, __scatter.o(!!!scatter), UNUSED)

<P><STRONG><a name="[7f]"></a>__scatterload_copy</STRONG> (Thumb, 26 bytes, Stack size unknown bytes, __scatter_copy.o(!!handler_copy), UNUSED)
<BR><BR>[Calls]<UL><LI><a href="#[7f]">&gt;&gt;</a>&nbsp;&nbsp;&nbsp;__scatterload_copy
</UL>
<BR>[Called By]<UL><LI><a href="#[7f]">&gt;&gt;</a>&nbsp;&nbsp;&nbsp;__scatterload_copy
</UL>

<P><STRONG><a name="[9e]"></a>__scatterload_null</STRONG> (Thumb, 2 bytes, Stack size unknown bytes, __scatter.o(!!handler_null), UNUSED)

<P><STRONG><a name="[9f]"></a>__scatterload_zeroinit</STRONG> (Thumb, 28 bytes, Stack size unknown bytes, __scatter_zi.o(!!handler_zi), UNUSED)

<P><STRONG><a name="[83]"></a>__rt_lib_init</STRONG> (Thumb, 0 bytes, Stack size unknown bytes, libinit.o(.ARM.Collect$$libinit$$00000000))
<BR><BR>[Called By]<UL><LI><a href="#[82]">&gt;&gt;</a>&nbsp;&nbsp;&nbsp;__rt_entry_li
</UL>

<P><STRONG><a name="[a0]"></a>__rt_lib_init_alloca_1</STRONG> (Thumb, 0 bytes, Stack size unknown bytes, libinit2.o(.ARM.Collect$$libinit$$00000030))

<P><STRONG><a name="[a1]"></a>__rt_lib_init_argv_1</STRONG> (Thumb, 0 bytes, Stack size unknown bytes, libinit2.o(.ARM.Collect$$libinit$$0000002E))

<P><STRONG><a name="[a2]"></a>__rt_lib_init_atexit_1</STRONG> (Thumb, 0 bytes, Stack size unknown bytes, libinit2.o(.ARM.Collect$$libinit$$0000001D))

<P><STRONG><a name="[a3]"></a>__rt_lib_init_clock_1</STRONG> (Thumb, 0 bytes, Stack size unknown bytes, libinit2.o(.ARM.Collect$$libinit$$00000023))

<P><STRONG><a name="[a4]"></a>__rt_lib_init_cpp_1</STRONG> (Thumb, 0 bytes, Stack size unknown bytes, libinit2.o(.ARM.Collect$$libinit$$00000034))

<P><STRONG><a name="[a5]"></a>__rt_lib_init_exceptions_1</STRONG> (Thumb, 0 bytes, Stack size unknown bytes, libinit2.o(.ARM.Collect$$libinit$$00000032))

<P><STRONG><a name="[a6]"></a>__rt_lib_init_fp_1</STRONG> (Thumb, 0 bytes, Stack size unknown bytes, libinit2.o(.ARM.Collect$$libinit$$00000002))

<P><STRONG><a name="[a7]"></a>__rt_lib_init_fp_trap_1</STRONG> (Thumb, 0 bytes, Stack size unknown bytes, libinit2.o(.ARM.Collect$$libinit$$00000021))

<P><STRONG><a name="[a8]"></a>__rt_lib_init_getenv_1</STRONG> (Thumb, 0 bytes, Stack size unknown bytes, libinit2.o(.ARM.Collect$$libinit$$00000025))

<P><STRONG><a name="[a9]"></a>__rt_lib_init_heap_1</STRONG> (Thumb, 0 bytes, Stack size unknown bytes, libinit2.o(.ARM.Collect$$libinit$$0000000C))

<P><STRONG><a name="[aa]"></a>__rt_lib_init_lc_collate_1</STRONG> (Thumb, 0 bytes, Stack size unknown bytes, libinit2.o(.ARM.Collect$$libinit$$00000013))

<P><STRONG><a name="[ab]"></a>__rt_lib_init_lc_ctype_1</STRONG> (Thumb, 0 bytes, Stack size unknown bytes, libinit2.o(.ARM.Collect$$libinit$$00000015))

<P><STRONG><a name="[ac]"></a>__rt_lib_init_lc_monetary_1</STRONG> (Thumb, 0 bytes, Stack size unknown bytes, libinit2.o(.ARM.Collect$$libinit$$00000017))

<P><STRONG><a name="[ad]"></a>__rt_lib_init_lc_numeric_1</STRONG> (Thumb, 0 bytes, Stack size unknown bytes, libinit2.o(.ARM.Collect$$libinit$$00000019))

<P><STRONG><a name="[ae]"></a>__rt_lib_init_lc_time_1</STRONG> (Thumb, 0 bytes, Stack size unknown bytes, libinit2.o(.ARM.Collect$$libinit$$0000001B))

<P><STRONG><a name="[af]"></a>__rt_lib_init_preinit_1</STRONG> (Thumb, 0 bytes, Stack size unknown bytes, libinit2.o(.ARM.Collect$$libinit$$00000006))

<P><STRONG><a name="[b0]"></a>__rt_lib_init_rand_1</STRONG> (Thumb, 0 bytes, Stack size unknown bytes, libinit2.o(.ARM.Collect$$libinit$$00000010))

<P><STRONG><a name="[b1]"></a>__rt_lib_init_relocate_pie_1</STRONG> (Thumb, 0 bytes, Stack size unknown bytes, libinit2.o(.ARM.Collect$$libinit$$00000004))

<P><STRONG><a name="[b2]"></a>__rt_lib_init_return</STRONG> (Thumb, 0 bytes, Stack size unknown bytes, libinit2.o(.ARM.Collect$$libinit$$00000035))

<P><STRONG><a name="[b3]"></a>__rt_lib_init_signal_1</STRONG> (Thumb, 0 bytes, Stack size unknown bytes, libinit2.o(.ARM.Collect$$libinit$$0000001F))

<P><STRONG><a name="[b4]"></a>__rt_lib_init_stdio_1</STRONG> (Thumb, 0 bytes, Stack size unknown bytes, libinit2.o(.ARM.Collect$$libinit$$00000027))

<P><STRONG><a name="[b5]"></a>__rt_lib_init_user_alloc_1</STRONG> (Thumb, 0 bytes, Stack size unknown bytes, libinit2.o(.ARM.Collect$$libinit$$0000000E))

<P><STRONG><a name="[88]"></a>__rt_lib_shutdown</STRONG> (Thumb, 0 bytes, Stack size unknown bytes, libshutdown.o(.ARM.Collect$$libshutdown$$00000000))
<BR><BR>[Called By]<UL><LI><a href="#[87]">&gt;&gt;</a>&nbsp;&nbsp;&nbsp;__rt_exit_ls
</UL>

<P><STRONG><a name="[b6]"></a>__rt_lib_shutdown_cpp_1</STRONG> (Thumb, 0 bytes, Stack size unknown bytes, libshutdown2.o(.ARM.Collect$$libshutdown$$00000002))

<P><STRONG><a name="[b7]"></a>__rt_lib_shutdown_fp_trap_1</STRONG> (Thumb, 0 bytes, Stack size unknown bytes, libshutdown2.o(.ARM.Collect$$libshutdown$$00000007))

<P><STRONG><a name="[b8]"></a>__rt_lib_shutdown_heap_1</STRONG> (Thumb, 0 bytes, Stack size unknown bytes, libshutdown2.o(.ARM.Collect$$libshutdown$$0000000F))

<P><STRONG><a name="[b9]"></a>__rt_lib_shutdown_return</STRONG> (Thumb, 0 bytes, Stack size unknown bytes, libshutdown2.o(.ARM.Collect$$libshutdown$$00000010))

<P><STRONG><a name="[ba]"></a>__rt_lib_shutdown_signal_1</STRONG> (Thumb, 0 bytes, Stack size unknown bytes, libshutdown2.o(.ARM.Collect$$libshutdown$$0000000A))

<P><STRONG><a name="[bb]"></a>__rt_lib_shutdown_stdio_1</STRONG> (Thumb, 0 bytes, Stack size unknown bytes, libshutdown2.o(.ARM.Collect$$libshutdown$$00000004))

<P><STRONG><a name="[bc]"></a>__rt_lib_shutdown_user_alloc_1</STRONG> (Thumb, 0 bytes, Stack size unknown bytes, libshutdown2.o(.ARM.Collect$$libshutdown$$0000000C))

<P><STRONG><a name="[7d]"></a>__rt_entry</STRONG> (Thumb, 0 bytes, Stack size unknown bytes, __rtentry.o(.ARM.Collect$$rtentry$$00000000))
<BR><BR>[Called By]<UL><LI><a href="#[7e]">&gt;&gt;</a>&nbsp;&nbsp;&nbsp;__scatterload_rt2
<LI><a href="#[78]">&gt;&gt;</a>&nbsp;&nbsp;&nbsp;__main
</UL>

<P><STRONG><a name="[bd]"></a>__rt_entry_presh_1</STRONG> (Thumb, 0 bytes, Stack size unknown bytes, __rtentry2.o(.ARM.Collect$$rtentry$$00000002))

<P><STRONG><a name="[80]"></a>__rt_entry_sh</STRONG> (Thumb, 0 bytes, Stack size unknown bytes, __rtentry4.o(.ARM.Collect$$rtentry$$00000004))
<BR><BR>[Stack]<UL><LI>Max Depth = 8 + Unknown Stack Size
<LI>Call Chain = __rt_entry_sh &rArr; __user_setup_stackheap
</UL>
<BR>[Calls]<UL><LI><a href="#[81]">&gt;&gt;</a>&nbsp;&nbsp;&nbsp;__user_setup_stackheap
</UL>

<P><STRONG><a name="[82]"></a>__rt_entry_li</STRONG> (Thumb, 0 bytes, Stack size unknown bytes, __rtentry2.o(.ARM.Collect$$rtentry$$0000000A))
<BR><BR>[Calls]<UL><LI><a href="#[83]">&gt;&gt;</a>&nbsp;&nbsp;&nbsp;__rt_lib_init
</UL>

<P><STRONG><a name="[be]"></a>__rt_entry_postsh_1</STRONG> (Thumb, 0 bytes, Stack size unknown bytes, __rtentry2.o(.ARM.Collect$$rtentry$$00000009))

<P><STRONG><a name="[84]"></a>__rt_entry_main</STRONG> (Thumb, 0 bytes, Stack size unknown bytes, __rtentry2.o(.ARM.Collect$$rtentry$$0000000D))
<BR><BR>[Stack]<UL><LI>Max Depth = 60 + Unknown Stack Size
<LI>Call Chain = __rt_entry_main &rArr; main &rArr; BSP_init &rArr; SystemCoreClockUpdate &rArr; getOscClk
</UL>
<BR>[Calls]<UL><LI><a href="#[86]">&gt;&gt;</a>&nbsp;&nbsp;&nbsp;exit
<LI><a href="#[85]">&gt;&gt;</a>&nbsp;&nbsp;&nbsp;main
</UL>

<P><STRONG><a name="[bf]"></a>__rt_entry_postli_1</STRONG> (Thumb, 0 bytes, Stack size unknown bytes, __rtentry2.o(.ARM.Collect$$rtentry$$0000000C))

<P><STRONG><a name="[8d]"></a>__rt_exit</STRONG> (Thumb, 0 bytes, Stack size unknown bytes, rtexit.o(.ARM.Collect$$rtexit$$00000000))
<BR><BR>[Called By]<UL><LI><a href="#[86]">&gt;&gt;</a>&nbsp;&nbsp;&nbsp;exit
</UL>

<P><STRONG><a name="[87]"></a>__rt_exit_ls</STRONG> (Thumb, 0 bytes, Stack size unknown bytes, rtexit2.o(.ARM.Collect$$rtexit$$00000003))
<BR><BR>[Calls]<UL><LI><a href="#[88]">&gt;&gt;</a>&nbsp;&nbsp;&nbsp;__rt_lib_shutdown
</UL>

<P><STRONG><a name="[c0]"></a>__rt_exit_prels_1</STRONG> (Thumb, 0 bytes, Stack size unknown bytes, rtexit2.o(.ARM.Collect$$rtexit$$00000002))

<P><STRONG><a name="[89]"></a>__rt_exit_exit</STRONG> (Thumb, 0 bytes, Stack size unknown bytes, rtexit2.o(.ARM.Collect$$rtexit$$00000004))
<BR><BR>[Calls]<UL><LI><a href="#[8a]">&gt;&gt;</a>&nbsp;&nbsp;&nbsp;_sys_exit
</UL>

<P><STRONG><a name="[0]"></a>Reset_Handler</STRONG> (Thumb, 32 bytes, Stack size 0 bytes, startup_tm4c123gh6pm.o(.text))
<BR>[Address Reference Count : 1]<UL><LI> startup_tm4c123gh6pm.o(RESET)
</UL>
<P><STRONG><a name="[1]"></a>NMI_Handler</STRONG> (Thumb, 20 bytes, Stack size 0 bytes, startup_tm4c123gh6pm.o(.text))
<BR>[Address Reference Count : 1]<UL><LI> startup_tm4c123gh6pm.o(RESET)
</UL>
<P><STRONG><a name="[2]"></a>HardFault_Handler</STRONG> (Thumb, 24 bytes, Stack size 0 bytes, startup_tm4c123gh6pm.o(.text))
<BR>[Address Reference Count : 1]<UL><LI> startup_tm4c123gh6pm.o(RESET)
</UL>
<P><STRONG><a name="[3]"></a>MemManage_Handler</STRONG> (Thumb, 24 bytes, Stack size 0 bytes, startup_tm4c123gh6pm.o(.text))
<BR>[Address Reference Count : 1]<UL><LI> startup_tm4c123gh6pm.o(RESET)
</UL>
<P><STRONG><a name="[4]"></a>BusFault_Handler</STRONG> (Thumb, 24 bytes, Stack size 0 bytes, startup_tm4c123gh6pm.o(.text))
<BR>[Address Reference Count : 1]<UL><LI> startup_tm4c123gh6pm.o(RESET)
</UL>
<P><STRONG><a name="[5]"></a>UsageFault_Handler</STRONG> (Thumb, 24 bytes, Stack size 0 bytes, startup_tm4c123gh6pm.o(.text))
<BR>[Address Reference Count : 1]<UL><LI> startup_tm4c123gh6pm.o(RESET)
</UL>
<P><STRONG><a name="[7]"></a>SVC_Handler</STRONG> (Thumb, 20 bytes, Stack size 0 bytes, startup_tm4c123gh6pm.o(.text))
<BR>[Address Reference Count : 1]<UL><LI> startup_tm4c123gh6pm.o(RESET)
</UL>
<P><STRONG><a name="[8]"></a>DebugMon_Handler</STRONG> (Thumb, 24 bytes, Stack size 0 bytes, startup_tm4c123gh6pm.o(.text))
<BR>[Address Reference Count : 1]<UL><LI> startup_tm4c123gh6pm.o(RESET)
</UL>
<P><STRONG><a name="[3a]"></a>ADC1Seq0_IRQHandler</STRONG> (Thumb, 0 bytes, Stack size 0 bytes, startup_tm4c123gh6pm.o(.text))
<BR>[Address Reference Count : 1]<UL><LI> startup_tm4c123gh6pm.o(RESET)
</UL>
<P><STRONG><a name="[3b]"></a>ADC1Seq1_IRQHandler</STRONG> (Thumb, 0 bytes, Stack size 0 bytes, startup_tm4c123gh6pm.o(.text))
<BR>[Address Reference Count : 1]<UL><LI> startup_tm4c123gh6pm.o(RESET)
</UL>
<P><STRONG><a name="[3c]"></a>ADC1Seq2_IRQHandler</STRONG> (Thumb, 0 bytes, Stack size 0 bytes, startup_tm4c123gh6pm.o(.text))
<BR>[Address Reference Count : 1]<UL><LI> startup_tm4c123gh6pm.o(RESET)
</UL>
<P><STRONG><a name="[3d]"></a>ADC1Seq3_IRQHandler</STRONG> (Thumb, 0 bytes, Stack size 0 bytes, startup_tm4c123gh6pm.o(.text))
<BR>[Address Reference Count : 1]<UL><LI> startup_tm4c123gh6pm.o(RESET)
</UL>
<P><STRONG><a name="[19]"></a>ADCSeq0_IRQHandler</STRONG> (Thumb, 0 bytes, Stack size 0 bytes, startup_tm4c123gh6pm.o(.text))
<BR>[Address Reference Count : 1]<UL><LI> startup_tm4c123gh6pm.o(RESET)
</UL>
<P><STRONG><a name="[1a]"></a>ADCSeq1_IRQHandler</STRONG> (Thumb, 0 bytes, Stack size 0 bytes, startup_tm4c123gh6pm.o(.text))
<BR>[Address Reference Count : 1]<UL><LI> startup_tm4c123gh6pm.o(RESET)
</UL>
<P><STRONG><a name="[1b]"></a>ADCSeq2_IRQHandler</STRONG> (Thumb, 0 bytes, Stack size 0 bytes, startup_tm4c123gh6pm.o(.text))
<BR>[Address Reference Count : 1]<UL><LI> startup_tm4c123gh6pm.o(RESET)
</UL>
<P><STRONG><a name="[1c]"></a>ADCSeq3_IRQHandler</STRONG> (Thumb, 0 bytes, Stack size 0 bytes, startup_tm4c123gh6pm.o(.text))
<BR>[Address Reference Count : 1]<UL><LI> startup_tm4c123gh6pm.o(RESET)
</UL>
<P><STRONG><a name="[32]"></a>CAN0_IRQHandler</STRONG> (Thumb, 0 bytes, Stack size 0 bytes, startup_tm4c123gh6pm.o(.text))
<BR>[Address Reference Count : 1]<UL><LI> startup_tm4c123gh6pm.o(RESET)
</UL>
<P><STRONG><a name="[33]"></a>CAN1_IRQHandler</STRONG> (Thumb, 0 bytes, Stack size 0 bytes, startup_tm4c123gh6pm.o(.text))
<BR>[Address Reference Count : 1]<UL><LI> startup_tm4c123gh6pm.o(RESET)
</UL>
<P><STRONG><a name="[34]"></a>CAN2_IRQHandler</STRONG> (Thumb, 0 bytes, Stack size 0 bytes, startup_tm4c123gh6pm.o(.text))
<BR>[Address Reference Count : 1]<UL><LI> startup_tm4c123gh6pm.o(RESET)
</UL>
<P><STRONG><a name="[24]"></a>Comp0_IRQHandler</STRONG> (Thumb, 0 bytes, Stack size 0 bytes, startup_tm4c123gh6pm.o(.text))
<BR>[Address Reference Count : 1]<UL><LI> startup_tm4c123gh6pm.o(RESET)
</UL>
<P><STRONG><a name="[25]"></a>Comp1_IRQHandler</STRONG> (Thumb, 0 bytes, Stack size 0 bytes, startup_tm4c123gh6pm.o(.text))
<BR>[Address Reference Count : 1]<UL><LI> startup_tm4c123gh6pm.o(RESET)
</UL>
<P><STRONG><a name="[26]"></a>Comp2_IRQHandler</STRONG> (Thumb, 0 bytes, Stack size 0 bytes, startup_tm4c123gh6pm.o(.text))
<BR>[Address Reference Count : 1]<UL><LI> startup_tm4c123gh6pm.o(RESET)
</UL>
<P><STRONG><a name="[5a]"></a>FPU_IRQHandler</STRONG> (Thumb, 0 bytes, Stack size 0 bytes, startup_tm4c123gh6pm.o(.text))
<BR>[Address Reference Count : 1]<UL><LI> startup_tm4c123gh6pm.o(RESET)
</UL>
<P><STRONG><a name="[28]"></a>FlashCtrl_IRQHandler</STRONG> (Thumb, 0 bytes, Stack size 0 bytes, startup_tm4c123gh6pm.o(.text))
<BR>[Address Reference Count : 1]<UL><LI> startup_tm4c123gh6pm.o(RESET)
</UL>
<P><STRONG><a name="[b]"></a>GPIOPortA_IRQHandler</STRONG> (Thumb, 0 bytes, Stack size 0 bytes, startup_tm4c123gh6pm.o(.text))
<BR>[Address Reference Count : 1]<UL><LI> startup_tm4c123gh6pm.o(RESET)
</UL>
<P><STRONG><a name="[c]"></a>GPIOPortB_IRQHandler</STRONG> (Thumb, 0 bytes, Stack size 0 bytes, startup_tm4c123gh6pm.o(.text))
<BR>[Address Reference Count : 1]<UL><LI> startup_tm4c123gh6pm.o(RESET)
</UL>
<P><STRONG><a name="[d]"></a>GPIOPortC_IRQHandler</STRONG> (Thumb, 0 bytes, Stack size 0 bytes, startup_tm4c123gh6pm.o(.text))
<BR>[Address Reference Count : 1]<UL><LI> startup_tm4c123gh6pm.o(RESET)
</UL>
<P><STRONG><a name="[e]"></a>GPIOPortD_IRQHandler</STRONG> (Thumb, 0 bytes, Stack size 0 bytes, startup_tm4c123gh6pm.o(.text))
<BR>[Address Reference Count : 1]<UL><LI> startup_tm4c123gh6pm.o(RESET)
</UL>
<P><STRONG><a name="[f]"></a>GPIOPortE_IRQHandler</STRONG> (Thumb, 0 bytes, Stack size 0 bytes, startup_tm4c123gh6pm.o(.text))
<BR>[Address Reference Count : 1]<UL><LI> startup_tm4c123gh6pm.o(RESET)
</UL>
<P><STRONG><a name="[29]"></a>GPIOPortF_IRQHandler</STRONG> (Thumb, 0 bytes, Stack size 0 bytes, startup_tm4c123gh6pm.o(.text))
<BR>[Address Reference Count : 1]<UL><LI> startup_tm4c123gh6pm.o(RESET)
</UL>
<P><STRONG><a name="[2a]"></a>GPIOPortG_IRQHandler</STRONG> (Thumb, 0 bytes, Stack size 0 bytes, startup_tm4c123gh6pm.o(.text))
<BR>[Address Reference Count : 1]<UL><LI> startup_tm4c123gh6pm.o(RESET)
</UL>
<P><STRONG><a name="[2b]"></a>GPIOPortH_IRQHandler</STRONG> (Thumb, 0 bytes, Stack size 0 bytes, startup_tm4c123gh6pm.o(.text))
<BR>[Address Reference Count : 1]<UL><LI> startup_tm4c123gh6pm.o(RESET)
</UL>
<P><STRONG><a name="[3e]"></a>GPIOPortJ_IRQHandler</STRONG> (Thumb, 0 bytes, Stack size 0 bytes, startup_tm4c123gh6pm.o(.text))
<BR>[Address Reference Count : 1]<UL><LI> startup_tm4c123gh6pm.o(RESET)
</UL>
<P><STRONG><a name="[3f]"></a>GPIOPortK_IRQHandler</STRONG> (Thumb, 0 bytes, Stack size 0 bytes, startup_tm4c123gh6pm.o(.text))
<BR>[Address Reference Count : 1]<UL><LI> startup_tm4c123gh6pm.o(RESET)
</UL>
<P><STRONG><a name="[40]"></a>GPIOPortL_IRQHandler</STRONG> (Thumb, 0 bytes, Stack size 0 bytes, startup_tm4c123gh6pm.o(.text))
<BR>[Address Reference Count : 1]<UL><LI> startup_tm4c123gh6pm.o(RESET)
</UL>
<P><STRONG><a name="[5d]"></a>GPIOPortM_IRQHandler</STRONG> (Thumb, 0 bytes, Stack size 0 bytes, startup_tm4c123gh6pm.o(.text))
<BR>[Address Reference Count : 1]<UL><LI> startup_tm4c123gh6pm.o(RESET)
</UL>
<P><STRONG><a name="[5e]"></a>GPIOPortN_IRQHandler</STRONG> (Thumb, 0 bytes, Stack size 0 bytes, startup_tm4c123gh6pm.o(.text))
<BR>[Address Reference Count : 1]<UL><LI> startup_tm4c123gh6pm.o(RESET)
</UL>
<P><STRONG><a name="[60]"></a>GPIOPortP0_IRQHandler</STRONG> (Thumb, 0 bytes, Stack size 0 bytes, startup_tm4c123gh6pm.o(.text))
<BR>[Address Reference Count : 1]<UL><LI> startup_tm4c123gh6pm.o(RESET)
</UL>
<P><STRONG><a name="[61]"></a>GPIOPortP1_IRQHandler</STRONG> (Thumb, 0 bytes, Stack size 0 bytes, startup_tm4c123gh6pm.o(.text))
<BR>[Address Reference Count : 1]<UL><LI> startup_tm4c123gh6pm.o(RESET)
</UL>
<P><STRONG><a name="[62]"></a>GPIOPortP2_IRQHandler</STRONG> (Thumb, 0 bytes, Stack size 0 bytes, startup_tm4c123gh6pm.o(.text))
<BR>[Address Reference Count : 1]<UL><LI> startup_tm4c123gh6pm.o(RESET)
</UL>
<P><STRONG><a name="[63]"></a>GPIOPortP3_IRQHandler</STRONG> (Thumb, 0 bytes, Stack size 0 bytes, startup_tm4c123gh6pm.o(.text))
<BR>[Address Reference Count : 1]<UL><LI> startup_tm4c123gh6pm.o(RESET)
</UL>
<P><STRONG><a name="[64]"></a>GPIOPortP4_IRQHandler</STRONG> (Thumb, 0 bytes, Stack size 0 bytes, startup_tm4c123gh6pm.o(.text))
<BR>[Address Reference Count : 1]<UL><LI> startup_tm4c123gh6pm.o(RESET)
</UL>
<P><STRONG><a name="[65]"></a>GPIOPortP5_IRQHandler</STRONG> (Thumb, 0 bytes, Stack size 0 bytes, startup_tm4c123gh6pm.o(.text))
<BR>[Address Reference Count : 1]<UL><LI> startup_tm4c123gh6pm.o(RESET)
</UL>
<P><STRONG><a name="[66]"></a>GPIOPortP6_IRQHandler</STRONG> (Thumb, 0 bytes, Stack size 0 bytes, startup_tm4c123gh6pm.o(.text))
<BR>[Address Reference Count : 1]<UL><LI> startup_tm4c123gh6pm.o(RESET)
</UL>
<P><STRONG><a name="[67]"></a>GPIOPortP7_IRQHandler</STRONG> (Thumb, 0 bytes, Stack size 0 bytes, startup_tm4c123gh6pm.o(.text))
<BR>[Address Reference Count : 1]<UL><LI> startup_tm4c123gh6pm.o(RESET)
</UL>
<P><STRONG><a name="[68]"></a>GPIOPortQ0_IRQHandler</STRONG> (Thumb, 0 bytes, Stack size 0 bytes, startup_tm4c123gh6pm.o(.text))
<BR>[Address Reference Count : 1]<UL><LI> startup_tm4c123gh6pm.o(RESET)
</UL>
<P><STRONG><a name="[69]"></a>GPIOPortQ1_IRQHandler</STRONG> (Thumb, 0 bytes, Stack size 0 bytes, startup_tm4c123gh6pm.o(.text))
<BR>[Address Reference Count : 1]<UL><LI> startup_tm4c123gh6pm.o(RESET)
</UL>
<P><STRONG><a name="[6a]"></a>GPIOPortQ2_IRQHandler</STRONG> (Thumb, 0 bytes, Stack size 0 bytes, startup_tm4c123gh6pm.o(.text))
<BR>[Address Reference Count : 1]<UL><LI> startup_tm4c123gh6pm.o(RESET)
</UL>
<P><STRONG><a name="[6b]"></a>GPIOPortQ3_IRQHandler</STRONG> (Thumb, 0 bytes, Stack size 0 bytes, startup_tm4c123gh6pm.o(.text))
<BR>[Address Reference Count : 1]<UL><LI> startup_tm4c123gh6pm.o(RESET)
</UL>
<P><STRONG><a name="[6c]"></a>GPIOPortQ4_IRQHandler</STRONG> (Thumb, 0 bytes, Stack size 0 bytes, startup_tm4c123gh6pm.o(.text))
<BR>[Address Reference Count : 1]<UL><LI> startup_tm4c123gh6pm.o(RESET)
</UL>
<P><STRONG><a name="[6d]"></a>GPIOPortQ5_IRQHandler</STRONG> (Thumb, 0 bytes, Stack size 0 bytes, startup_tm4c123gh6pm.o(.text))
<BR>[Address Reference Count : 1]<UL><LI> startup_tm4c123gh6pm.o(RESET)
</UL>
<P><STRONG><a name="[6e]"></a>GPIOPortQ6_IRQHandler</STRONG> (Thumb, 0 bytes, Stack size 0 bytes, startup_tm4c123gh6pm.o(.text))
<BR>[Address Reference Count : 1]<UL><LI> startup_tm4c123gh6pm.o(RESET)
</UL>
<P><STRONG><a name="[6f]"></a>GPIOPortQ7_IRQHandler</STRONG> (Thumb, 0 bytes, Stack size 0 bytes, startup_tm4c123gh6pm.o(.text))
<BR>[Address Reference Count : 1]<UL><LI> startup_tm4c123gh6pm.o(RESET)
</UL>
<P><STRONG><a name="[70]"></a>GPIOPortR_IRQHandler</STRONG> (Thumb, 0 bytes, Stack size 0 bytes, startup_tm4c123gh6pm.o(.text))
<BR>[Address Reference Count : 1]<UL><LI> startup_tm4c123gh6pm.o(RESET)
</UL>
<P><STRONG><a name="[71]"></a>GPIOPortS_IRQHandler</STRONG> (Thumb, 0 bytes, Stack size 0 bytes, startup_tm4c123gh6pm.o(.text))
<BR>[Address Reference Count : 1]<UL><LI> startup_tm4c123gh6pm.o(RESET)
</UL>
<P><STRONG><a name="[35]"></a>Hibernate_IRQHandler</STRONG> (Thumb, 0 bytes, Stack size 0 bytes, startup_tm4c123gh6pm.o(.text))
<BR>[Address Reference Count : 1]<UL><LI> startup_tm4c123gh6pm.o(RESET)
</UL>
<P><STRONG><a name="[13]"></a>I2C0_IRQHandler</STRONG> (Thumb, 0 bytes, Stack size 0 bytes, startup_tm4c123gh6pm.o(.text))
<BR>[Address Reference Count : 1]<UL><LI> startup_tm4c123gh6pm.o(RESET)
</UL>
<P><STRONG><a name="[30]"></a>I2C1_IRQHandler</STRONG> (Thumb, 0 bytes, Stack size 0 bytes, startup_tm4c123gh6pm.o(.text))
<BR>[Address Reference Count : 1]<UL><LI> startup_tm4c123gh6pm.o(RESET)
</UL>
<P><STRONG><a name="[48]"></a>I2C2_IRQHandler</STRONG> (Thumb, 0 bytes, Stack size 0 bytes, startup_tm4c123gh6pm.o(.text))
<BR>[Address Reference Count : 1]<UL><LI> startup_tm4c123gh6pm.o(RESET)
</UL>
<P><STRONG><a name="[49]"></a>I2C3_IRQHandler</STRONG> (Thumb, 0 bytes, Stack size 0 bytes, startup_tm4c123gh6pm.o(.text))
<BR>[Address Reference Count : 1]<UL><LI> startup_tm4c123gh6pm.o(RESET)
</UL>
<P><STRONG><a name="[5b]"></a>I2C4_IRQHandler</STRONG> (Thumb, 0 bytes, Stack size 0 bytes, startup_tm4c123gh6pm.o(.text))
<BR>[Address Reference Count : 1]<UL><LI> startup_tm4c123gh6pm.o(RESET)
</UL>
<P><STRONG><a name="[5c]"></a>I2C5_IRQHandler</STRONG> (Thumb, 0 bytes, Stack size 0 bytes, startup_tm4c123gh6pm.o(.text))
<BR>[Address Reference Count : 1]<UL><LI> startup_tm4c123gh6pm.o(RESET)
</UL>
<P><STRONG><a name="[76]"></a>PWM1Fault_IRQHandler</STRONG> (Thumb, 0 bytes, Stack size 0 bytes, startup_tm4c123gh6pm.o(.text))
<BR>[Address Reference Count : 1]<UL><LI> startup_tm4c123gh6pm.o(RESET)
</UL>
<P><STRONG><a name="[72]"></a>PWM1Gen0_IRQHandler</STRONG> (Thumb, 0 bytes, Stack size 0 bytes, startup_tm4c123gh6pm.o(.text))
<BR>[Address Reference Count : 1]<UL><LI> startup_tm4c123gh6pm.o(RESET)
</UL>
<P><STRONG><a name="[73]"></a>PWM1Gen1_IRQHandler</STRONG> (Thumb, 0 bytes, Stack size 0 bytes, startup_tm4c123gh6pm.o(.text))
<BR>[Address Reference Count : 1]<UL><LI> startup_tm4c123gh6pm.o(RESET)
</UL>
<P><STRONG><a name="[74]"></a>PWM1Gen2_IRQHandler</STRONG> (Thumb, 0 bytes, Stack size 0 bytes, startup_tm4c123gh6pm.o(.text))
<BR>[Address Reference Count : 1]<UL><LI> startup_tm4c123gh6pm.o(RESET)
</UL>
<P><STRONG><a name="[75]"></a>PWM1Gen3_IRQHandler</STRONG> (Thumb, 0 bytes, Stack size 0 bytes, startup_tm4c123gh6pm.o(.text))
<BR>[Address Reference Count : 1]<UL><LI> startup_tm4c123gh6pm.o(RESET)
</UL>
<P><STRONG><a name="[14]"></a>PWMFault_IRQHandler</STRONG> (Thumb, 0 bytes, Stack size 0 bytes, startup_tm4c123gh6pm.o(.text))
<BR>[Address Reference Count : 1]<UL><LI> startup_tm4c123gh6pm.o(RESET)
</UL>
<P><STRONG><a name="[15]"></a>PWMGen0_IRQHandler</STRONG> (Thumb, 0 bytes, Stack size 0 bytes, startup_tm4c123gh6pm.o(.text))
<BR>[Address Reference Count : 1]<UL><LI> startup_tm4c123gh6pm.o(RESET)
</UL>
<P><STRONG><a name="[16]"></a>PWMGen1_IRQHandler</STRONG> (Thumb, 0 bytes, Stack size 0 bytes, startup_tm4c123gh6pm.o(.text))
<BR>[Address Reference Count : 1]<UL><LI> startup_tm4c123gh6pm.o(RESET)
</UL>
<P><STRONG><a name="[17]"></a>PWMGen2_IRQHandler</STRONG> (Thumb, 0 bytes, Stack size 0 bytes, startup_tm4c123gh6pm.o(.text))
<BR>[Address Reference Count : 1]<UL><LI> startup_tm4c123gh6pm.o(RESET)
</UL>
<P><STRONG><a name="[37]"></a>PWMGen3_IRQHandler</STRONG> (Thumb, 0 bytes, Stack size 0 bytes, startup_tm4c123gh6pm.o(.text))
<BR>[Address Reference Count : 1]<UL><LI> startup_tm4c123gh6pm.o(RESET)
</UL>
<P><STRONG><a name="[18]"></a>QEI0_IRQHandler</STRONG> (Thumb, 0 bytes, Stack size 0 bytes, startup_tm4c123gh6pm.o(.text))
<BR>[Address Reference Count : 1]<UL><LI> startup_tm4c123gh6pm.o(RESET)
</UL>
<P><STRONG><a name="[31]"></a>QEI1_IRQHandler</STRONG> (Thumb, 0 bytes, Stack size 0 bytes, startup_tm4c123gh6pm.o(.text))
<BR>[Address Reference Count : 1]<UL><LI> startup_tm4c123gh6pm.o(RESET)
</UL>
<P><STRONG><a name="[5f]"></a>QEI2_IRQHandler</STRONG> (Thumb, 0 bytes, Stack size 0 bytes, startup_tm4c123gh6pm.o(.text))
<BR>[Address Reference Count : 1]<UL><LI> startup_tm4c123gh6pm.o(RESET)
</UL>
<P><STRONG><a name="[12]"></a>SSI0_IRQHandler</STRONG> (Thumb, 0 bytes, Stack size 0 bytes, startup_tm4c123gh6pm.o(.text))
<BR>[Address Reference Count : 1]<UL><LI> startup_tm4c123gh6pm.o(RESET)
</UL>
<P><STRONG><a name="[2d]"></a>SSI1_IRQHandler</STRONG> (Thumb, 0 bytes, Stack size 0 bytes, startup_tm4c123gh6pm.o(.text))
<BR>[Address Reference Count : 1]<UL><LI> startup_tm4c123gh6pm.o(RESET)
</UL>
<P><STRONG><a name="[41]"></a>SSI2_IRQHandler</STRONG> (Thumb, 0 bytes, Stack size 0 bytes, startup_tm4c123gh6pm.o(.text))
<BR>[Address Reference Count : 1]<UL><LI> startup_tm4c123gh6pm.o(RESET)
</UL>
<P><STRONG><a name="[42]"></a>SSI3_IRQHandler</STRONG> (Thumb, 0 bytes, Stack size 0 bytes, startup_tm4c123gh6pm.o(.text))
<BR>[Address Reference Count : 1]<UL><LI> startup_tm4c123gh6pm.o(RESET)
</UL>
<P><STRONG><a name="[27]"></a>SysCtrl_IRQHandler</STRONG> (Thumb, 0 bytes, Stack size 0 bytes, startup_tm4c123gh6pm.o(.text))
<BR>[Address Reference Count : 1]<UL><LI> startup_tm4c123gh6pm.o(RESET)
</UL>
<P><STRONG><a name="[1e]"></a>Timer0A_IRQHandler</STRONG> (Thumb, 0 bytes, Stack size 0 bytes, startup_tm4c123gh6pm.o(.text))
<BR>[Address Reference Count : 1]<UL><LI> startup_tm4c123gh6pm.o(RESET)
</UL>
<P><STRONG><a name="[1f]"></a>Timer0B_IRQHandler</STRONG> (Thumb, 0 bytes, Stack size 0 bytes, startup_tm4c123gh6pm.o(.text))
<BR>[Address Reference Count : 1]<UL><LI> startup_tm4c123gh6pm.o(RESET)
</UL>
<P><STRONG><a name="[20]"></a>Timer1A_IRQHandler</STRONG> (Thumb, 0 bytes, Stack size 0 bytes, startup_tm4c123gh6pm.o(.text))
<BR>[Address Reference Count : 1]<UL><LI> startup_tm4c123gh6pm.o(RESET)
</UL>
<P><STRONG><a name="[21]"></a>Timer1B_IRQHandler</STRONG> (Thumb, 0 bytes, Stack size 0 bytes, startup_tm4c123gh6pm.o(.text))
<BR>[Address Reference Count : 1]<UL><LI> startup_tm4c123gh6pm.o(RESET)
</UL>
<P><STRONG><a name="[22]"></a>Timer2A_IRQHandler</STRONG> (Thumb, 0 bytes, Stack size 0 bytes, startup_tm4c123gh6pm.o(.text))
<BR>[Address Reference Count : 1]<UL><LI> startup_tm4c123gh6pm.o(RESET)
</UL>
<P><STRONG><a name="[23]"></a>Timer2B_IRQHandler</STRONG> (Thumb, 0 bytes, Stack size 0 bytes, startup_tm4c123gh6pm.o(.text))
<BR>[Address Reference Count : 1]<UL><LI> startup_tm4c123gh6pm.o(RESET)
</UL>
<P><STRONG><a name="[2e]"></a>Timer3A_IRQHandler</STRONG> (Thumb, 0 bytes, Stack size 0 bytes, startup_tm4c123gh6pm.o(.text))
<BR>[Address Reference Count : 1]<UL><LI> startup_tm4c123gh6pm.o(RESET)
</UL>
<P><STRONG><a name="[2f]"></a>Timer3B_IRQHandler</STRONG> (Thumb, 0 bytes, Stack size 0 bytes, startup_tm4c123gh6pm.o(.text))
<BR>[Address Reference Count : 1]<UL><LI> startup_tm4c123gh6pm.o(RESET)
</UL>
<P><STRONG><a name="[4a]"></a>Timer4A_IRQHandler</STRONG> (Thumb, 0 bytes, Stack size 0 bytes, startup_tm4c123gh6pm.o(.text))
<BR>[Address Reference Count : 1]<UL><LI> startup_tm4c123gh6pm.o(RESET)
</UL>
<P><STRONG><a name="[4b]"></a>Timer4B_IRQHandler</STRONG> (Thumb, 0 bytes, Stack size 0 bytes, startup_tm4c123gh6pm.o(.text))
<BR>[Address Reference Count : 1]<UL><LI> startup_tm4c123gh6pm.o(RESET)
</UL>
<P><STRONG><a name="[4c]"></a>Timer5A_IRQHandler</STRONG> (Thumb, 0 bytes, Stack size 0 bytes, startup_tm4c123gh6pm.o(.text))
<BR>[Address Reference Count : 1]<UL><LI> startup_tm4c123gh6pm.o(RESET)
</UL>
<P><STRONG><a name="[4d]"></a>Timer5B_IRQHandler</STRONG> (Thumb, 0 bytes, Stack size 0 bytes, startup_tm4c123gh6pm.o(.text))
<BR>[Address Reference Count : 1]<UL><LI> startup_tm4c123gh6pm.o(RESET)
</UL>
<P><STRONG><a name="[10]"></a>UART0_IRQHandler</STRONG> (Thumb, 0 bytes, Stack size 0 bytes, startup_tm4c123gh6pm.o(.text))
<BR>[Address Reference Count : 1]<UL><LI> startup_tm4c123gh6pm.o(RESET)
</UL>
<P><STRONG><a name="[11]"></a>UART1_IRQHandler</STRONG> (Thumb, 0 bytes, Stack size 0 bytes, startup_tm4c123gh6pm.o(.text))
<BR>[Address Reference Count : 1]<UL><LI> startup_tm4c123gh6pm.o(RESET)
</UL>
<P><STRONG><a name="[2c]"></a>UART2_IRQHandler</STRONG> (Thumb, 0 bytes, Stack size 0 bytes, startup_tm4c123gh6pm.o(.text))
<BR>[Address Reference Count : 1]<UL><LI> startup_tm4c123gh6pm.o(RESET)
</UL>
<P><STRONG><a name="[43]"></a>UART3_IRQHandler</STRONG> (Thumb, 0 bytes, Stack size 0 bytes, startup_tm4c123gh6pm.o(.text))
<BR>[Address Reference Count : 1]<UL><LI> startup_tm4c123gh6pm.o(RESET)
</UL>
<P><STRONG><a name="[44]"></a>UART4_IRQHandler</STRONG> (Thumb, 0 bytes, Stack size 0 bytes, startup_tm4c123gh6pm.o(.text))
<BR>[Address Reference Count : 1]<UL><LI> startup_tm4c123gh6pm.o(RESET)
</UL>
<P><STRONG><a name="[45]"></a>UART5_IRQHandler</STRONG> (Thumb, 0 bytes, Stack size 0 bytes, startup_tm4c123gh6pm.o(.text))
<BR>[Address Reference Count : 1]<UL><LI> startup_tm4c123gh6pm.o(RESET)
</UL>
<P><STRONG><a name="[46]"></a>UART6_IRQHandler</STRONG> (Thumb, 0 bytes, Stack size 0 bytes, startup_tm4c123gh6pm.o(.text))
<BR>[Address Reference Count : 1]<UL><LI> startup_tm4c123gh6pm.o(RESET)
</UL>
<P><STRONG><a name="[47]"></a>UART7_IRQHandler</STRONG> (Thumb, 0 bytes, Stack size 0 bytes, startup_tm4c123gh6pm.o(.text))
<BR>[Address Reference Count : 1]<UL><LI> startup_tm4c123gh6pm.o(RESET)
</UL>
<P><STRONG><a name="[36]"></a>USB0_IRQHandler</STRONG> (Thumb, 0 bytes, Stack size 0 bytes, startup_tm4c123gh6pm.o(.text))
<BR>[Address Reference Count : 1]<UL><LI> startup_tm4c123gh6pm.o(RESET)
</UL>
<P><STRONG><a name="[1d]"></a>Watchdog_IRQHandler</STRONG> (Thumb, 0 bytes, Stack size 0 bytes, startup_tm4c123gh6pm.o(.text))
<BR>[Address Reference Count : 1]<UL><LI> startup_tm4c123gh6pm.o(RESET)
</UL>
<P><STRONG><a name="[4e]"></a>WideTimer0A_IRQHandler</STRONG> (Thumb, 0 bytes, Stack size 0 bytes, startup_tm4c123gh6pm.o(.text))
<BR>[Address Reference Count : 1]<UL><LI> startup_tm4c123gh6pm.o(RESET)
</UL>
<P><STRONG><a name="[4f]"></a>WideTimer0B_IRQHandler</STRONG> (Thumb, 0 bytes, Stack size 0 bytes, startup_tm4c123gh6pm.o(.text))
<BR>[Address Reference Count : 1]<UL><LI> startup_tm4c123gh6pm.o(RESET)
</UL>
<P><STRONG><a name="[50]"></a>WideTimer1A_IRQHandler</STRONG> (Thumb, 0 bytes, Stack size 0 bytes, startup_tm4c123gh6pm.o(.text))
<BR>[Address Reference Count : 1]<UL><LI> startup_tm4c123gh6pm.o(RESET)
</UL>
<P><STRONG><a name="[51]"></a>WideTimer1B_IRQHandler</STRONG> (Thumb, 0 bytes, Stack size 0 bytes, startup_tm4c123gh6pm.o(.text))
<BR>[Address Reference Count : 1]<UL><LI> startup_tm4c123gh6pm.o(RESET)
</UL>
<P><STRONG><a name="[52]"></a>WideTimer2A_IRQHandler</STRONG> (Thumb, 0 bytes, Stack size 0 bytes, startup_tm4c123gh6pm.o(.text))
<BR>[Address Reference Count : 1]<UL><LI> startup_tm4c123gh6pm.o(RESET)
</UL>
<P><STRONG><a name="[53]"></a>WideTimer2B_IRQHandler</STRONG> (Thumb, 0 bytes, Stack size 0 bytes, startup_tm4c123gh6pm.o(.text))
<BR>[Address Reference Count : 1]<UL><LI> startup_tm4c123gh6pm.o(RESET)
</UL>
<P><STRONG><a name="[54]"></a>WideTimer3A_IRQHandler</STRONG> (Thumb, 0 bytes, Stack size 0 bytes, startup_tm4c123gh6pm.o(.text))
<BR>[Address Reference Count : 1]<UL><LI> startup_tm4c123gh6pm.o(RESET)
</UL>
<P><STRONG><a name="[55]"></a>WideTimer3B_IRQHandler</STRONG> (Thumb, 0 bytes, Stack size 0 bytes, startup_tm4c123gh6pm.o(.text))
<BR>[Address Reference Count : 1]<UL><LI> startup_tm4c123gh6pm.o(RESET)
</UL>
<P><STRONG><a name="[56]"></a>WideTimer4A_IRQHandler</STRONG> (Thumb, 0 bytes, Stack size 0 bytes, startup_tm4c123gh6pm.o(.text))
<BR>[Address Reference Count : 1]<UL><LI> startup_tm4c123gh6pm.o(RESET)
</UL>
<P><STRONG><a name="[57]"></a>WideTimer4B_IRQHandler</STRONG> (Thumb, 0 bytes, Stack size 0 bytes, startup_tm4c123gh6pm.o(.text))
<BR>[Address Reference Count : 1]<UL><LI> startup_tm4c123gh6pm.o(RESET)
</UL>
<P><STRONG><a name="[58]"></a>WideTimer5A_IRQHandler</STRONG> (Thumb, 0 bytes, Stack size 0 bytes, startup_tm4c123gh6pm.o(.text))
<BR>[Address Reference Count : 1]<UL><LI> startup_tm4c123gh6pm.o(RESET)
</UL>
<P><STRONG><a name="[59]"></a>WideTimer5B_IRQHandler</STRONG> (Thumb, 0 bytes, Stack size 0 bytes, startup_tm4c123gh6pm.o(.text))
<BR>[Address Reference Count : 1]<UL><LI> startup_tm4c123gh6pm.o(RESET)
</UL>
<P><STRONG><a name="[39]"></a>uDMAError_IRQHandler</STRONG> (Thumb, 0 bytes, Stack size 0 bytes, startup_tm4c123gh6pm.o(.text))
<BR>[Address Reference Count : 1]<UL><LI> startup_tm4c123gh6pm.o(RESET)
</UL>
<P><STRONG><a name="[38]"></a>uDMAST_IRQHandler</STRONG> (Thumb, 0 bytes, Stack size 0 bytes, startup_tm4c123gh6pm.o(.text))
<BR>[Address Reference Count : 1]<UL><LI> startup_tm4c123gh6pm.o(RESET)
</UL>
<P><STRONG><a name="[8c]"></a>__user_initial_stackheap</STRONG> (Thumb, 10 bytes, Stack size 0 bytes, startup_tm4c123gh6pm.o(.text))
<BR><BR>[Called By]<UL><LI><a href="#[81]">&gt;&gt;</a>&nbsp;&nbsp;&nbsp;__user_setup_stackheap
</UL>

<P><STRONG><a name="[c1]"></a>__use_two_region_memory</STRONG> (Thumb, 2 bytes, Stack size 0 bytes, heapauxi.o(.text), UNUSED)

<P><STRONG><a name="[c2]"></a>__rt_heap_escrow$2region</STRONG> (Thumb, 2 bytes, Stack size 0 bytes, heapauxi.o(.text), UNUSED)

<P><STRONG><a name="[c3]"></a>__rt_heap_expand$2region</STRONG> (Thumb, 2 bytes, Stack size 0 bytes, heapauxi.o(.text), UNUSED)

<P><STRONG><a name="[81]"></a>__user_setup_stackheap</STRONG> (Thumb, 74 bytes, Stack size 8 bytes, sys_stackheap_outer.o(.text))
<BR><BR>[Stack]<UL><LI>Max Depth = 8<LI>Call Chain = __user_setup_stackheap
</UL>
<BR>[Calls]<UL><LI><a href="#[8b]">&gt;&gt;</a>&nbsp;&nbsp;&nbsp;__user_perproc_libspace
<LI><a href="#[8c]">&gt;&gt;</a>&nbsp;&nbsp;&nbsp;__user_initial_stackheap
</UL>
<BR>[Called By]<UL><LI><a href="#[80]">&gt;&gt;</a>&nbsp;&nbsp;&nbsp;__rt_entry_sh
</UL>

<P><STRONG><a name="[86]"></a>exit</STRONG> (Thumb, 18 bytes, Stack size 8 bytes, exit.o(.text))
<BR><BR>[Stack]<UL><LI>Max Depth = 8 + Unknown Stack Size
<LI>Call Chain = exit
</UL>
<BR>[Calls]<UL><LI><a href="#[8d]">&gt;&gt;</a>&nbsp;&nbsp;&nbsp;__rt_exit
</UL>
<BR>[Called By]<UL><LI><a href="#[84]">&gt;&gt;</a>&nbsp;&nbsp;&nbsp;__rt_entry_main
</UL>

<P><STRONG><a name="[c4]"></a>__user_libspace</STRONG> (Thumb, 8 bytes, Stack size 0 bytes, libspace.o(.text), UNUSED)

<P><STRONG><a name="[8b]"></a>__user_perproc_libspace</STRONG> (Thumb, 0 bytes, Stack size 0 bytes, libspace.o(.text))
<BR><BR>[Called By]<UL><LI><a href="#[81]">&gt;&gt;</a>&nbsp;&nbsp;&nbsp;__user_setup_stackheap
</UL>

<P><STRONG><a name="[c5]"></a>__user_perthread_libspace</STRONG> (Thumb, 0 bytes, Stack size 0 bytes, libspace.o(.text), UNUSED)

<P><STRONG><a name="[8a]"></a>_sys_exit</STRONG> (Thumb, 8 bytes, Stack size 0 bytes, sys_exit.o(.text))
<BR><BR>[Called By]<UL><LI><a href="#[89]">&gt;&gt;</a>&nbsp;&nbsp;&nbsp;__rt_exit_exit
</UL>

<P><STRONG><a name="[c6]"></a>__I$use$semihosting</STRONG> (Thumb, 0 bytes, Stack size 0 bytes, use_no_semi.o(.text), UNUSED)

<P><STRONG><a name="[c7]"></a>__use_no_semihosting_swi</STRONG> (Thumb, 2 bytes, Stack size 0 bytes, use_no_semi.o(.text), UNUSED)

<P><STRONG><a name="[c8]"></a>__semihosting_library_function</STRONG> (Thumb, 0 bytes, Stack size unknown bytes, indicate_semi.o(.text), UNUSED)

<P><STRONG><a name="[8e]"></a>BSP_delay</STRONG> (Thumb, 36 bytes, Stack size 16 bytes, bsp.o(.text.BSP_delay))
<BR><BR>[Stack]<UL><LI>Max Depth = 20<LI>Call Chain = BSP_delay &rArr; BSP_tickCtr
</UL>
<BR>[Calls]<UL><LI><a href="#[8f]">&gt;&gt;</a>&nbsp;&nbsp;&nbsp;BSP_tickCtr
</UL>
<BR>[Called By]<UL><LI><a href="#[7b]">&gt;&gt;</a>&nbsp;&nbsp;&nbsp;main_blinky2
<LI><a href="#[7a]">&gt;&gt;</a>&nbsp;&nbsp;&nbsp;main_blinky1
</UL>

<P><STRONG><a name="[90]"></a>BSP_init</STRONG> (Thumb, 112 bytes, Stack size 8 bytes, bsp.o(.text.BSP_init))
<BR><BR>[Stack]<UL><LI>Max Depth = 44<LI>Call Chain = BSP_init &rArr; SystemCoreClockUpdate &rArr; getOscClk
</UL>
<BR>[Calls]<UL><LI><a href="#[91]">&gt;&gt;</a>&nbsp;&nbsp;&nbsp;SystemCoreClockUpdate
<LI><a href="#[93]">&gt;&gt;</a>&nbsp;&nbsp;&nbsp;__NVIC_SetPriority
<LI><a href="#[92]">&gt;&gt;</a>&nbsp;&nbsp;&nbsp;SysTick_Config
</UL>
<BR>[Called By]<UL><LI><a href="#[85]">&gt;&gt;</a>&nbsp;&nbsp;&nbsp;main
</UL>

<P><STRONG><a name="[9b]"></a>BSP_ledBlueOff</STRONG> (Thumb, 14 bytes, Stack size 0 bytes, bsp.o(.text.BSP_ledBlueOff))
<BR><BR>[Called By]<UL><LI><a href="#[7b]">&gt;&gt;</a>&nbsp;&nbsp;&nbsp;main_blinky2
</UL>

<P><STRONG><a name="[9a]"></a>BSP_ledBlueOn</STRONG> (Thumb, 14 bytes, Stack size 0 bytes, bsp.o(.text.BSP_ledBlueOn))
<BR><BR>[Called By]<UL><LI><a href="#[7b]">&gt;&gt;</a>&nbsp;&nbsp;&nbsp;main_blinky2
</UL>

<P><STRONG><a name="[99]"></a>BSP_ledGreenOff</STRONG> (Thumb, 14 bytes, Stack size 0 bytes, bsp.o(.text.BSP_ledGreenOff))
<BR><BR>[Called By]<UL><LI><a href="#[7a]">&gt;&gt;</a>&nbsp;&nbsp;&nbsp;main_blinky1
</UL>

<P><STRONG><a name="[98]"></a>BSP_ledGreenOn</STRONG> (Thumb, 14 bytes, Stack size 0 bytes, bsp.o(.text.BSP_ledGreenOn))
<BR><BR>[Called By]<UL><LI><a href="#[7a]">&gt;&gt;</a>&nbsp;&nbsp;&nbsp;main_blinky1
</UL>

<P><STRONG><a name="[8f]"></a>BSP_tickCtr</STRONG> (Thumb, 24 bytes, Stack size 4 bytes, bsp.o(.text.BSP_tickCtr))
<BR><BR>[Stack]<UL><LI>Max Depth = 4<LI>Call Chain = BSP_tickCtr
</UL>
<BR>[Called By]<UL><LI><a href="#[8e]">&gt;&gt;</a>&nbsp;&nbsp;&nbsp;BSP_delay
</UL>

<P><STRONG><a name="[97]"></a>OSThread_start</STRONG> (Thumb, 278 bytes, Stack size 24 bytes, miros.o(.text.OSThread_start))
<BR><BR>[Stack]<UL><LI>Max Depth = 24<LI>Call Chain = OSThread_start
</UL>
<BR>[Called By]<UL><LI><a href="#[85]">&gt;&gt;</a>&nbsp;&nbsp;&nbsp;main
</UL>

<P><STRONG><a name="[96]"></a>OS_init</STRONG> (Thumb, 18 bytes, Stack size 0 bytes, miros.o(.text.OS_init))
<BR><BR>[Called By]<UL><LI><a href="#[85]">&gt;&gt;</a>&nbsp;&nbsp;&nbsp;main
</UL>

<P><STRONG><a name="[94]"></a>OS_sched</STRONG> (Thumb, 44 bytes, Stack size 0 bytes, miros.o(.text.OS_sched))
<BR><BR>[Called By]<UL><LI><a href="#[a]">&gt;&gt;</a>&nbsp;&nbsp;&nbsp;SysTick_Handler
</UL>

<P><STRONG><a name="[9]"></a>PendSV_Handler</STRONG> (Thumb, 46 bytes, Stack size 0 bytes, miros.o(.text.PendSV_Handler))
<BR>[Address Reference Count : 1]<UL><LI> startup_tm4c123gh6pm.o(RESET)
</UL>
<P><STRONG><a name="[a]"></a>SysTick_Handler</STRONG> (Thumb, 26 bytes, Stack size 8 bytes, bsp.o(.text.SysTick_Handler))
<BR><BR>[Stack]<UL><LI>Max Depth = 8<LI>Call Chain = SysTick_Handler
</UL>
<BR>[Calls]<UL><LI><a href="#[94]">&gt;&gt;</a>&nbsp;&nbsp;&nbsp;OS_sched
</UL>
<BR>[Address Reference Count : 1]<UL><LI> startup_tm4c123gh6pm.o(RESET)
</UL>
<P><STRONG><a name="[91]"></a>SystemCoreClockUpdate</STRONG> (Thumb, 326 bytes, Stack size 16 bytes, system_tm4c123gh6pm.o(.text.SystemCoreClockUpdate))
<BR><BR>[Stack]<UL><LI>Max Depth = 36<LI>Call Chain = SystemCoreClockUpdate &rArr; getOscClk
</UL>
<BR>[Calls]<UL><LI><a href="#[95]">&gt;&gt;</a>&nbsp;&nbsp;&nbsp;getOscClk
</UL>
<BR>[Called By]<UL><LI><a href="#[90]">&gt;&gt;</a>&nbsp;&nbsp;&nbsp;BSP_init
</UL>

<P><STRONG><a name="[77]"></a>SystemInit</STRONG> (Thumb, 252 bytes, Stack size 4 bytes, system_tm4c123gh6pm.o(.text.SystemInit))
<BR><BR>[Stack]<UL><LI>Max Depth = 4<LI>Call Chain = SystemInit
</UL>
<BR>[Address Reference Count : 1]<UL><LI> startup_tm4c123gh6pm.o(.text)
</UL>
<P><STRONG><a name="[79]"></a>assert_failed</STRONG> (Thumb, 22 bytes, Stack size 8 bytes, bsp.o(.text.assert_failed))
<BR><BR>[Stack]<UL><LI>Max Depth = 8<LI>Call Chain = assert_failed
</UL>
<BR>[Address Reference Count : 1]<UL><LI> startup_tm4c123gh6pm.o(.text)
</UL>
<P><STRONG><a name="[85]"></a>main</STRONG> (Thumb, 82 bytes, Stack size 16 bytes, main.o(.text.main))
<BR><BR>[Stack]<UL><LI>Max Depth = 60<LI>Call Chain = main &rArr; BSP_init &rArr; SystemCoreClockUpdate &rArr; getOscClk
</UL>
<BR>[Calls]<UL><LI><a href="#[97]">&gt;&gt;</a>&nbsp;&nbsp;&nbsp;OSThread_start
<LI><a href="#[96]">&gt;&gt;</a>&nbsp;&nbsp;&nbsp;OS_init
<LI><a href="#[90]">&gt;&gt;</a>&nbsp;&nbsp;&nbsp;BSP_init
</UL>
<BR>[Called By]<UL><LI><a href="#[84]">&gt;&gt;</a>&nbsp;&nbsp;&nbsp;__rt_entry_main
</UL>

<P><STRONG><a name="[7a]"></a>main_blinky1</STRONG> (Thumb, 26 bytes, Stack size 8 bytes, main.o(.text.main_blinky1))
<BR><BR>[Stack]<UL><LI>Max Depth = 28<LI>Call Chain = main_blinky1 &rArr; BSP_delay &rArr; BSP_tickCtr
</UL>
<BR>[Calls]<UL><LI><a href="#[99]">&gt;&gt;</a>&nbsp;&nbsp;&nbsp;BSP_ledGreenOff
<LI><a href="#[8e]">&gt;&gt;</a>&nbsp;&nbsp;&nbsp;BSP_delay
<LI><a href="#[98]">&gt;&gt;</a>&nbsp;&nbsp;&nbsp;BSP_ledGreenOn
</UL>
<BR>[Address Reference Count : 1]<UL><LI> main.o(.text.main)
</UL>
<P><STRONG><a name="[7b]"></a>main_blinky2</STRONG> (Thumb, 26 bytes, Stack size 8 bytes, main.o(.text.main_blinky2))
<BR><BR>[Stack]<UL><LI>Max Depth = 28<LI>Call Chain = main_blinky2 &rArr; BSP_delay &rArr; BSP_tickCtr
</UL>
<BR>[Calls]<UL><LI><a href="#[9b]">&gt;&gt;</a>&nbsp;&nbsp;&nbsp;BSP_ledBlueOff
<LI><a href="#[9a]">&gt;&gt;</a>&nbsp;&nbsp;&nbsp;BSP_ledBlueOn
<LI><a href="#[8e]">&gt;&gt;</a>&nbsp;&nbsp;&nbsp;BSP_delay
</UL>
<BR>[Address Reference Count : 1]<UL><LI> main.o(.text.main)
</UL><P>
<H3>
Local Symbols
</H3>
<P><STRONG><a name="[92]"></a>SysTick_Config</STRONG> (Thumb, 84 bytes, Stack size 24 bytes, bsp.o(.text.SysTick_Config))
<BR><BR>[Stack]<UL><LI>Max Depth = 32<LI>Call Chain = SysTick_Config &rArr; __NVIC_SetPriority
</UL>
<BR>[Calls]<UL><LI><a href="#[93]">&gt;&gt;</a>&nbsp;&nbsp;&nbsp;__NVIC_SetPriority
</UL>
<BR>[Called By]<UL><LI><a href="#[90]">&gt;&gt;</a>&nbsp;&nbsp;&nbsp;BSP_init
</UL>

<P><STRONG><a name="[93]"></a>__NVIC_SetPriority</STRONG> (Thumb, 66 bytes, Stack size 8 bytes, bsp.o(.text.__NVIC_SetPriority))
<BR><BR>[Stack]<UL><LI>Max Depth = 8<LI>Call Chain = __NVIC_SetPriority
</UL>
<BR>[Called By]<UL><LI><a href="#[92]">&gt;&gt;</a>&nbsp;&nbsp;&nbsp;SysTick_Config
<LI><a href="#[90]">&gt;&gt;</a>&nbsp;&nbsp;&nbsp;BSP_init
</UL>

<P><STRONG><a name="[6]"></a>Default_Handler</STRONG> (Thumb, 24 bytes, Stack size 0 bytes, startup_tm4c123gh6pm.o(.text))
<BR>[Address Reference Count : 1]<UL><LI> startup_tm4c123gh6pm.o(RESET)
</UL>
<P><STRONG><a name="[95]"></a>getOscClk</STRONG> (Thumb, 360 bytes, Stack size 20 bytes, system_tm4c123gh6pm.o(.text.getOscClk))
<BR><BR>[Stack]<UL><LI>Max Depth = 20<LI>Call Chain = getOscClk
</UL>
<BR>[Called By]<UL><LI><a href="#[91]">&gt;&gt;</a>&nbsp;&nbsp;&nbsp;SystemCoreClockUpdate
</UL>
<P>
<H3>
Undefined Global Symbols
</H3><HR></body></html>
