###############################################################################
#
# IAR ELF Linker V9.50.2.385/W64 for ARM                  02/Sep/2024  06:58:25
# Copyright 2007-2024 IAR Systems AB.
#
#    Output file  =
#        D:\E Drive\E
#        drive\Embedded\modern_embedded_systems\my_work\lessons\lesson17\Debug\Exe\project.out
#    Map file     =
#        D:\E Drive\E
#        drive\Embedded\modern_embedded_systems\my_work\lessons\lesson17\Debug\List\project.map
#    Command line =
#        -f "D:\E Drive\E
#        drive\Embedded\modern_embedded_systems\my_work\lessons\lesson17\Debug\Exe\project.out.rsp"
#        ("D:\E Drive\E
#        drive\Embedded\modern_embedded_systems\my_work\lessons\lesson17\Debug\Obj\bsp.o"
#        "D:\E Drive\E
#        drive\Embedded\modern_embedded_systems\my_work\lessons\lesson17\Debug\Obj\main.o"
#        "D:\E Drive\E
#        drive\Embedded\modern_embedded_systems\my_work\lessons\lesson17\Debug\Obj\startup_tm4c.o"
#        --no_out_extension -o "D:\E Drive\E
#        drive\Embedded\modern_embedded_systems\my_work\lessons\lesson17\Debug\Exe\project.out"
#        --redirect _Printf=_PrintfFullNoMb --redirect _Scanf=_ScanfFullNoMb
#        --map "D:\E Drive\E
#        drive\Embedded\modern_embedded_systems\my_work\lessons\lesson17\Debug\List\project.map"
#        --config "D:\E Drive\E
#        drive\Embedded\modern_embedded_systems\my_work\lessons\lesson15\project.icf"
#        --semihosting --entry __iar_program_start --vfe --text_out locale
#        --cpu=Cortex-M4 --fpu=VFPv4_sp) --dependencies=n "D:\E Drive\E
#        drive\Embedded\modern_embedded_systems\my_work\lessons\lesson17\Debug\Exe\project.out.iar_deps"
#
###############################################################################

*******************************************************************************
*** RUNTIME MODEL ATTRIBUTES
***

CppFlavor       = *
__CPP_Runtime   = 1
__SystemLibrary = DLib
__dlib_version  = 6


*******************************************************************************
*** HEAP SELECTION
***

The basic heap was selected because --advanced_heap
was not specified and the application did not appear to
be primarily optimized for speed.


*******************************************************************************
*** PLACEMENT SUMMARY
***

"A0":  place at address 0x0 { ro section .intvec };
"P1":  place in [from 0x0 to 0x3'ffff] { ro };
define block CSTACK with size = 1K, alignment = 8 { };
define block HEAP with size = 0, alignment = 8 { };
"P2":  place in [from 0x2000'0000 to 0x2000'7fff] {
          rw, block CSTACK, block HEAP };

No sections matched the following patterns:

  rw  in "P2"


  Section   Kind         Address  Aligment   Size  Object
  -------   ----         -------  --------   ----  ------
"A0":                                       0x26c
  .intvec   const            0x0         4  0x26c  startup_tm4c.o [1]
                         - 0x26c            0x26c

"P1":                                       0x1c8
  .text     ro code        0x26c         4   0x7c  main.o [1]
  .text     ro code        0x2e8         4   0x38  bsp.o [1]
  .text     ro code        0x320         4   0x54  startup_tm4c.o [1]
  .text     ro code        0x374         4   0x22  fpinit_M.o [3]
  .text     ro code        0x398         4   0x1e  cmain.o [4]
  .text     ro code        0x3b6         2    0x4  low_level_init.o [2]
  .text     ro code        0x3ba         2    0x4  exit.o [2]
  .text     ro code        0x3c0         4    0xa  cexit.o [4]
  .text     ro code        0x3cc         4   0x14  exit.o [5]
  .text     ro code        0x3e0         4   0x1c  cstartup_M.o [4]
  .rodata   const          0x3fc         4    0xc  startup_tm4c.o [1]
  .rodata   const          0x408         4    0xc  startup_tm4c.o [1]
  .rodata   const          0x414         4    0xc  startup_tm4c.o [1]
  .rodata   const          0x420         4    0xc  startup_tm4c.o [1]
  .rodata   const          0x42c         4    0x8  startup_tm4c.o [1]
                         - 0x434            0x1c8

"P2":                                       0x400
  CSTACK             0x2000'0000         8  0x400  <Block>
    CSTACK  uninit   0x2000'0000            0x400  <Block tail>
                   - 0x2000'0400            0x400

Unused ranges:

         From           To      Size
         ----           --      ----
        0x434     0x3'ffff  0x3'fbcc
  0x2000'0400  0x2000'7fff    0x7c00



*******************************************************************************
*** MODULE SUMMARY
***

    Module            ro code  ro data  rw data
    ------            -------  -------  -------
command line/config:
    -------------------------------------------
    Total:

D:\E Drive\E drive\Embedded\modern_embedded_systems\my_work\lessons\lesson17\Debug\Obj: [1]
    bsp.o                  56
    main.o                124
    startup_tm4c.o         84      676
    -------------------------------------------
    Total:                264      676

dl7M_tln.a: [2]
    exit.o                  4
    low_level_init.o        4
    -------------------------------------------
    Total:                  8

m7M_tls.a: [3]
    fpinit_M.o             34
    -------------------------------------------
    Total:                 34

rt7M_tl.a: [4]
    cexit.o                10
    cmain.o                30
    cstartup_M.o           28
    -------------------------------------------
    Total:                 68

shb_l.a: [5]
    exit.o                 20
    -------------------------------------------
    Total:                 20

    Gaps                    6
    Linker created                        1'024
-----------------------------------------------
    Grand Total:          400      676    1'024


*******************************************************************************
*** ENTRY LIST
***

Entry                       Address   Size  Type      Object
-----                       -------   ----  ----      ------
?main                         0x399         Code  Gb  cmain.o [4]
ADC1Seq0_IRQHandler           0x353    0xa  Code  Wk  startup_tm4c.o [1]
ADC1Seq1_IRQHandler           0x353    0xa  Code  Wk  startup_tm4c.o [1]
ADC1Seq2_IRQHandler           0x353    0xa  Code  Wk  startup_tm4c.o [1]
ADC1Seq3_IRQHandler           0x353    0xa  Code  Wk  startup_tm4c.o [1]
ADCSeq0_IRQHandler            0x353    0xa  Code  Wk  startup_tm4c.o [1]
ADCSeq1_IRQHandler            0x353    0xa  Code  Wk  startup_tm4c.o [1]
ADCSeq2_IRQHandler            0x353    0xa  Code  Wk  startup_tm4c.o [1]
ADCSeq3_IRQHandler            0x353    0xa  Code  Wk  startup_tm4c.o [1]
BusFault_Handler              0x33f    0xa  Code  Gb  startup_tm4c.o [1]
CAN0_IRQHandler               0x353    0xa  Code  Wk  startup_tm4c.o [1]
CAN1_IRQHandler               0x353    0xa  Code  Wk  startup_tm4c.o [1]
CAN2_IRQHandler               0x353    0xa  Code  Wk  startup_tm4c.o [1]
CSTACK$$Base            0x2000'0000          --   Gb  - Linker created -
CSTACK$$Limit           0x2000'0400         Data  Gb  - Linker created -
Comp0_IRQHandler              0x353    0xa  Code  Wk  startup_tm4c.o [1]
Comp1_IRQHandler              0x353    0xa  Code  Wk  startup_tm4c.o [1]
Comp2_IRQHandler              0x353    0xa  Code  Wk  startup_tm4c.o [1]
DebugMon_Handler              0x353    0xa  Code  Wk  startup_tm4c.o [1]
EBI0_IRQHandler               0x353    0xa  Code  Wk  startup_tm4c.o [1]
FPU_IRQHandler                0x353    0xa  Code  Wk  startup_tm4c.o [1]
Fan0_IRQHandler               0x353    0xa  Code  Wk  startup_tm4c.o [1]
FlashCtrl_IRQHandler          0x353    0xa  Code  Wk  startup_tm4c.o [1]
GPIOPortA_IRQHandler          0x353    0xa  Code  Wk  startup_tm4c.o [1]
GPIOPortB_IRQHandler          0x353    0xa  Code  Wk  startup_tm4c.o [1]
GPIOPortC_IRQHandler          0x353    0xa  Code  Wk  startup_tm4c.o [1]
GPIOPortD_IRQHandler          0x353    0xa  Code  Wk  startup_tm4c.o [1]
GPIOPortE_IRQHandler          0x353    0xa  Code  Wk  startup_tm4c.o [1]
GPIOPortF_IRQHandler          0x353    0xa  Code  Wk  startup_tm4c.o [1]
GPIOPortG_IRQHandler          0x353    0xa  Code  Wk  startup_tm4c.o [1]
GPIOPortH_IRQHandler          0x353    0xa  Code  Wk  startup_tm4c.o [1]
GPIOPortJ_IRQHandler          0x353    0xa  Code  Wk  startup_tm4c.o [1]
GPIOPortK_IRQHandler          0x353    0xa  Code  Wk  startup_tm4c.o [1]
GPIOPortL_IRQHandler          0x353    0xa  Code  Wk  startup_tm4c.o [1]
GPIOPortM_IRQHandler          0x353    0xa  Code  Wk  startup_tm4c.o [1]
GPIOPortN_IRQHandler          0x353    0xa  Code  Wk  startup_tm4c.o [1]
GPIOPortP0_IRQHandler         0x353    0xa  Code  Wk  startup_tm4c.o [1]
GPIOPortP1_IRQHandler         0x353    0xa  Code  Wk  startup_tm4c.o [1]
GPIOPortP2_IRQHandler         0x353    0xa  Code  Wk  startup_tm4c.o [1]
GPIOPortP3_IRQHandler         0x353    0xa  Code  Wk  startup_tm4c.o [1]
GPIOPortP4_IRQHandler         0x353    0xa  Code  Wk  startup_tm4c.o [1]
GPIOPortP5_IRQHandler         0x353    0xa  Code  Wk  startup_tm4c.o [1]
GPIOPortP6_IRQHandler         0x353    0xa  Code  Wk  startup_tm4c.o [1]
GPIOPortP7_IRQHandler         0x353    0xa  Code  Wk  startup_tm4c.o [1]
GPIOPortQ0_IRQHandler         0x353    0xa  Code  Wk  startup_tm4c.o [1]
GPIOPortQ1_IRQHandler         0x353    0xa  Code  Wk  startup_tm4c.o [1]
GPIOPortQ2_IRQHandler         0x353    0xa  Code  Wk  startup_tm4c.o [1]
GPIOPortQ3_IRQHandler         0x353    0xa  Code  Wk  startup_tm4c.o [1]
GPIOPortQ4_IRQHandler         0x353    0xa  Code  Wk  startup_tm4c.o [1]
GPIOPortQ5_IRQHandler         0x353    0xa  Code  Wk  startup_tm4c.o [1]
GPIOPortQ6_IRQHandler         0x353    0xa  Code  Wk  startup_tm4c.o [1]
GPIOPortQ7_IRQHandler         0x353    0xa  Code  Wk  startup_tm4c.o [1]
GPIOPortR_IRQHandler          0x353    0xa  Code  Wk  startup_tm4c.o [1]
GPIOPortS_IRQHandler          0x353    0xa  Code  Wk  startup_tm4c.o [1]
HardFault_Handler             0x321    0xa  Code  Gb  startup_tm4c.o [1]
Hibernate_IRQHandler          0x353    0xa  Code  Wk  startup_tm4c.o [1]
I2C0_IRQHandler               0x353    0xa  Code  Wk  startup_tm4c.o [1]
I2C1_IRQHandler               0x353    0xa  Code  Wk  startup_tm4c.o [1]
I2C2_IRQHandler               0x353    0xa  Code  Wk  startup_tm4c.o [1]
I2C3_IRQHandler               0x353    0xa  Code  Wk  startup_tm4c.o [1]
I2C4_IRQHandler               0x353    0xa  Code  Wk  startup_tm4c.o [1]
I2C5_IRQHandler               0x353    0xa  Code  Wk  startup_tm4c.o [1]
I2S0_IRQHandler               0x353    0xa  Code  Wk  startup_tm4c.o [1]
LPC0_IRQHandler               0x353    0xa  Code  Wk  startup_tm4c.o [1]
MemManage_Handler             0x335    0xa  Code  Gb  startup_tm4c.o [1]
NMI_Handler                   0x32b    0xa  Code  Gb  startup_tm4c.o [1]
PECI0_IRQHandler              0x353    0xa  Code  Wk  startup_tm4c.o [1]
PWM1Fault_IRQHandler          0x353    0xa  Code  Wk  startup_tm4c.o [1]
PWM1Gen0_IRQHandler           0x353    0xa  Code  Wk  startup_tm4c.o [1]
PWM1Gen1_IRQHandler           0x353    0xa  Code  Wk  startup_tm4c.o [1]
PWM1Gen2_IRQHandler           0x353    0xa  Code  Wk  startup_tm4c.o [1]
PWM1Gen3_IRQHandler           0x353    0xa  Code  Wk  startup_tm4c.o [1]
PWMFault_IRQHandler           0x353    0xa  Code  Wk  startup_tm4c.o [1]
PWMGen0_IRQHandler            0x353    0xa  Code  Wk  startup_tm4c.o [1]
PWMGen1_IRQHandler            0x353    0xa  Code  Wk  startup_tm4c.o [1]
PWMGen2_IRQHandler            0x353    0xa  Code  Wk  startup_tm4c.o [1]
PWMGen3_IRQHandler            0x353    0xa  Code  Wk  startup_tm4c.o [1]
PendSV_Handler                0x353    0xa  Code  Wk  startup_tm4c.o [1]
QEI0_IRQHandler               0x353    0xa  Code  Wk  startup_tm4c.o [1]
QEI1_IRQHandler               0x353    0xa  Code  Wk  startup_tm4c.o [1]
QEI2_IRQHandler               0x353    0xa  Code  Wk  startup_tm4c.o [1]
Region$$Table$$Base             0x0          --   Gb  - Linker created -
Region$$Table$$Limit            0x0          --   Gb  - Linker created -
SSI0_IRQHandler               0x353    0xa  Code  Wk  startup_tm4c.o [1]
SSI1_IRQHandler               0x353    0xa  Code  Wk  startup_tm4c.o [1]
SSI2_IRQHandler               0x353    0xa  Code  Wk  startup_tm4c.o [1]
SSI3_IRQHandler               0x353    0xa  Code  Wk  startup_tm4c.o [1]
SVC_Handler                   0x353    0xa  Code  Wk  startup_tm4c.o [1]
SysCtrl_IRQHandler            0x353    0xa  Code  Wk  startup_tm4c.o [1]
SysTick_Handler               0x309    0xc  Code  Gb  bsp.o [1]
Timer0A_IRQHandler            0x353    0xa  Code  Wk  startup_tm4c.o [1]
Timer0B_IRQHandler            0x353    0xa  Code  Wk  startup_tm4c.o [1]
Timer1A_IRQHandler            0x353    0xa  Code  Wk  startup_tm4c.o [1]
Timer1B_IRQHandler            0x353    0xa  Code  Wk  startup_tm4c.o [1]
Timer2A_IRQHandler            0x353    0xa  Code  Wk  startup_tm4c.o [1]
Timer2B_IRQHandler            0x353    0xa  Code  Wk  startup_tm4c.o [1]
Timer3A_IRQHandler            0x353    0xa  Code  Wk  startup_tm4c.o [1]
Timer3B_IRQHandler            0x353    0xa  Code  Wk  startup_tm4c.o [1]
Timer4A_IRQHandler            0x353    0xa  Code  Wk  startup_tm4c.o [1]
Timer4B_IRQHandler            0x353    0xa  Code  Wk  startup_tm4c.o [1]
Timer5A_IRQHandler            0x353    0xa  Code  Wk  startup_tm4c.o [1]
Timer5B_IRQHandler            0x353    0xa  Code  Wk  startup_tm4c.o [1]
UART0_IRQHandler              0x353    0xa  Code  Wk  startup_tm4c.o [1]
UART1_IRQHandler              0x353    0xa  Code  Wk  startup_tm4c.o [1]
UART2_IRQHandler              0x353    0xa  Code  Wk  startup_tm4c.o [1]
UART3_IRQHandler              0x353    0xa  Code  Wk  startup_tm4c.o [1]
UART4_IRQHandler              0x353    0xa  Code  Wk  startup_tm4c.o [1]
UART5_IRQHandler              0x353    0xa  Code  Wk  startup_tm4c.o [1]
UART6_IRQHandler              0x353    0xa  Code  Wk  startup_tm4c.o [1]
UART7_IRQHandler              0x353    0xa  Code  Wk  startup_tm4c.o [1]
USB0_IRQHandler               0x353    0xa  Code  Wk  startup_tm4c.o [1]
Unused_Handler                0x353    0xa  Code  Gb  startup_tm4c.o [1]
UsageFault_Handler            0x349    0xa  Code  Gb  startup_tm4c.o [1]
Watchdog_IRQHandler           0x353    0xa  Code  Wk  startup_tm4c.o [1]
WideTimer0A_IRQHandler        0x353    0xa  Code  Wk  startup_tm4c.o [1]
WideTimer0B_IRQHandler        0x353    0xa  Code  Wk  startup_tm4c.o [1]
WideTimer1A_IRQHandler        0x353    0xa  Code  Wk  startup_tm4c.o [1]
WideTimer1B_IRQHandler        0x353    0xa  Code  Wk  startup_tm4c.o [1]
WideTimer2A_IRQHandler        0x353    0xa  Code  Wk  startup_tm4c.o [1]
WideTimer2B_IRQHandler        0x353    0xa  Code  Wk  startup_tm4c.o [1]
WideTimer3A_IRQHandler        0x353    0xa  Code  Wk  startup_tm4c.o [1]
WideTimer3B_IRQHandler        0x353    0xa  Code  Wk  startup_tm4c.o [1]
WideTimer4A_IRQHandler        0x353    0xa  Code  Wk  startup_tm4c.o [1]
WideTimer4B_IRQHandler        0x353    0xa  Code  Wk  startup_tm4c.o [1]
WideTimer5A_IRQHandler        0x353    0xa  Code  Wk  startup_tm4c.o [1]
WideTimer5B_IRQHandler        0x353    0xa  Code  Wk  startup_tm4c.o [1]
__NVIC_SystemReset            0x2e9   0x1a  Code  Lc  bsp.o [1]
__cmain                       0x399         Code  Gb  cmain.o [4]
__exit                        0x3cd   0x14  Code  Gb  exit.o [5]
__iar_init_vfp                0x375         Code  Gb  fpinit_M.o [3]
__iar_program_start           0x3e1         Code  Gb  cstartup_M.o [4]
__low_level_init              0x3b7    0x4  Code  Gb  low_level_init.o [2]
__vector_table                  0x0  0x26c  Data  Gb  startup_tm4c.o [1]
_call_main                    0x3a5         Code  Gb  cmain.o [4]
_exit                         0x3c1         Code  Gb  cexit.o [4]
assert_failed                 0x303    0x6  Code  Gb  bsp.o [1]
exit                          0x3bb    0x4  Code  Gb  exit.o [2]
main                          0x26d   0x7c  Code  Gb  main.o [1]
uDMAError_IRQHandler          0x353    0xa  Code  Wk  startup_tm4c.o [1]
uDMAST_IRQHandler             0x353    0xa  Code  Wk  startup_tm4c.o [1]


[1] = D:\E Drive\E drive\Embedded\modern_embedded_systems\my_work\lessons\lesson17\Debug\Obj
[2] = dl7M_tln.a
[3] = m7M_tls.a
[4] = rt7M_tl.a
[5] = shb_l.a

    400 bytes of readonly  code memory
    676 bytes of readonly  data memory
  1'024 bytes of readwrite data memory

Errors: none
Warnings: none
