###############################################################################
#
# IAR ELF Linker V9.50.2.385/W64 for ARM                  30/Aug/2024  17:42:08
# Copyright 2007-2024 IAR Systems AB.
#
#    Output file  =
#        D:\E Drive\E
#        drive\Embedded\modern_embedded_systems\my_work\lessons\lesson14\Debug\Exe\project.out
#    Map file     =
#        D:\E Drive\E
#        drive\Embedded\modern_embedded_systems\my_work\lessons\lesson14\Debug\List\project.map
#    Command line =
#        -f "D:\E Drive\E
#        drive\Embedded\modern_embedded_systems\my_work\lessons\lesson14\Debug\Exe\project.out.rsp"
#        ("D:\E Drive\E
#        drive\Embedded\modern_embedded_systems\my_work\lessons\lesson14\Debug\Obj\delay.o"
#        "D:\E Drive\E
#        drive\Embedded\modern_embedded_systems\my_work\lessons\lesson14\Debug\Obj\main.o"
#        "D:\E Drive\E
#        drive\Embedded\modern_embedded_systems\my_work\lessons\lesson14\Debug\Obj\startup_tm4c.o"
#        --no_out_extension -o "D:\E Drive\E
#        drive\Embedded\modern_embedded_systems\my_work\lessons\lesson14\Debug\Exe\project.out"
#        --redirect _Printf=_PrintfFullNoMb --redirect _Scanf=_ScanfFullNoMb
#        --map "D:\E Drive\E
#        drive\Embedded\modern_embedded_systems\my_work\lessons\lesson14\Debug\List\project.map"
#        --config "D:\E Drive\E
#        drive\Embedded\modern_embedded_systems\my_work\lessons\lesson12\project.icf"
#        --semihosting --entry __iar_program_start --vfe --text_out locale
#        --cpu=Cortex-M4 --fpu=VFPv4_sp) --dependencies=n "D:\E Drive\E
#        drive\Embedded\modern_embedded_systems\my_work\lessons\lesson14\Debug\Exe\project.out.iar_deps"
#
###############################################################################

*******************************************************************************
*** RUNTIME MODEL ATTRIBUTES
***

CppFlavor       = *
__CPP_Runtime   = 1
__SystemLibrary = DLib
__dlib_version  = 6


*******************************************************************************
*** HEAP SELECTION
***

The basic heap was selected because --advanced_heap
was not specified and the application did not appear to
be primarily optimized for speed.


*******************************************************************************
*** PLACEMENT SUMMARY
***

"A0":  place at address 0x0 { ro section .intvec };
"P1":  place in [from 0x0 to 0x3'ffff] { ro };
define block CSTACK with size = 1'000, alignment = 8 { };
define block HEAP with size = 0, alignment = 8 { };
"P2":  place in [from 0x2000'0000 to 0x2000'7fff] {
          rw, block CSTACK, block HEAP };
initialize by copy { rw };

  Section            Kind         Address  Aligment   Size  Object
  -------            ----         -------  --------   ----  ------
"A0":                                                  0x8
  .intvec            const            0x0         4    0x8  startup_tm4c.o [1]
                                    - 0x8              0x8

"P1":                                                0x207
  .text              ro code          0x8         4   0xe0  main.o [1]
  .text              ro code         0xe8         2   0x18  delay.o [1]
  .text              ro code        0x100         2   0x3a  packbits_init_single.o [4]
  .text              ro code        0x13c         4   0x2a  data_init.o [4]
  .text              ro code        0x168         4   0x22  fpinit_M.o [3]
  .iar.init_table    const          0x18c         4   0x10  - Linker created -
  .text              ro code        0x19c         4   0x1e  cmain.o [4]
  .text              ro code        0x1ba         2    0x4  low_level_init.o [2]
  .text              ro code        0x1be         2    0x4  exit.o [2]
  .text              ro code        0x1c4         4    0xa  cexit.o [4]
  .text              ro code        0x1d0         4   0x14  exit.o [5]
  .text              ro code        0x1e4         4   0x1c  cstartup_M.o [4]
  .rodata            const          0x200              0x0  packbits_init_single.o [4]
  Initializer bytes  const          0x200              0xf  <for P2-1>
                                  - 0x20f            0x207

"P2":                                                 0x24
  P2-1                        0x2000'0000             0x24  <Init block>
    .data            inited   0x2000'0000         4    0x4  main.o [1]
    .data            inited   0x2000'0004         4    0x8  main.o [1]
    .bss             inited   0x2000'000c         4    0x4  main.o [1]
    .bss             inited   0x2000'0010         4    0xc  main.o [1]
    .bss             inited   0x2000'001c         4    0x8  main.o [1]
                            - 0x2000'0024             0x24

Unused ranges:

         From           To      Size
         ----           --      ----
        0x20f     0x3'ffff  0x3'fdf1
  0x2000'0024  0x2000'7fff    0x7fdc


*******************************************************************************
*** INIT TABLE
***

          Address      Size
          -------      ----
Copy/packbits (__iar_packbits_init_single3)
    1 source range, total size 0xf (41% of destination):
                0x200   0xf
    1 destination range, total size 0x24:
          0x2000'0000  0x24



*******************************************************************************
*** MODULE SUMMARY
***

    Module                  ro code  ro data  rw data
    ------                  -------  -------  -------
command line/config:
    -------------------------------------------------
    Total:

D:\E Drive\E drive\Embedded\modern_embedded_systems\my_work\lessons\lesson14\Debug\Obj: [1]
    delay.o                      24
    main.o                      224       15       36
    startup_tm4c.o                         8
    -------------------------------------------------
    Total:                      248       23       36

dl7M_tln.a: [2]
    exit.o                        4
    low_level_init.o              4
    -------------------------------------------------
    Total:                        8

m7M_tls.a: [3]
    fpinit_M.o                   34
    -------------------------------------------------
    Total:                       34

rt7M_tl.a: [4]
    cexit.o                      10
    cmain.o                      30
    cstartup_M.o                 28
    data_init.o                  42
    packbits_init_single.o       58
    -------------------------------------------------
    Total:                      168

shb_l.a: [5]
    exit.o                       20
    -------------------------------------------------
    Total:                       20

    Gaps                          8        2
    Linker created                        16
-----------------------------------------------------
    Grand Total:                486       41       36


*******************************************************************************
*** ENTRY LIST
***

Entry                       Address  Size  Type      Object
-----                       -------  ----  ----      ------
.iar.init_table$$Base         0x18c         --   Gb  - Linker created -
.iar.init_table$$Limit        0x19c         --   Gb  - Linker created -
?main                         0x19d        Code  Gb  cmain.o [4]
Region$$Table$$Base           0x18c         --   Gb  - Linker created -
Region$$Table$$Limit          0x19c         --   Gb  - Linker created -
__cmain                       0x19d        Code  Gb  cmain.o [4]
__exit                        0x1d1  0x14  Code  Gb  exit.o [5]
__iar_data_init3              0x13d  0x18  Code  Gb  data_init.o [4]
__iar_init_vfp                0x169        Code  Gb  fpinit_M.o [3]
__iar_packbits_init_single3
                              0x101  0x3a  Code  Gb  packbits_init_single.o [4]
__iar_program_start           0x1e5        Code  Gb  cstartup_M.o [4]
__low_level_init              0x1bb   0x4  Code  Gb  low_level_init.o [2]
__vector_table                  0x0   0x8  Data  Gb  startup_tm4c.o [1]
_call_main                    0x1a9        Code  Gb  cmain.o [4]
_exit                         0x1c5        Code  Gb  cexit.o [4]
delay                          0xe9  0x18  Code  Gb  delay.o [1]
exit                          0x1bf   0x4  Code  Gb  exit.o [2]
main                            0x9  0xe0  Code  Gb  main.o [1]
p1                      0x2000'0000   0x4  Data  Gb  main.o [1]
p2                      0x2000'000c   0x4  Data  Gb  main.o [1]
t                       0x2000'0010   0xc  Data  Gb  main.o [1]
w1                      0x2000'0004   0x8  Data  Gb  main.o [1]
w2                      0x2000'001c   0x8  Data  Gb  main.o [1]


[1] = D:\E Drive\E drive\Embedded\modern_embedded_systems\my_work\lessons\lesson14\Debug\Obj
[2] = dl7M_tln.a
[3] = m7M_tls.a
[4] = rt7M_tl.a
[5] = shb_l.a

  486 bytes of readonly  code memory
   41 bytes of readonly  data memory
   36 bytes of readwrite data memory

Errors: none
Warnings: none
